2025-07-23 15:57:25,471 - INFO - Logger initialized.
2025-07-23 15:57:25,485 - INFO - Thermocouple DAQ started.
2025-07-23 15:57:27,518 - INFO - Selected channels: [0, 1, 2, 3]
2025-07-23 15:58:44,161 - INFO - KeyboardInterrupt received. Exiting gracefully...
2025-07-23 15:58:56,497 - INFO - Logger initialized.
2025-07-23 15:58:56,503 - INFO - Thermocouple DAQ started.
2025-07-23 15:58:58,672 - INFO - Selected channels: [0, 1, 2, 3]
2025-07-23 17:25:47,932 - INFO - KeyboardInterrupt received. Exiting gracefully...
2025-07-29 18:13:20,979 - INFO - Logger initialized.
2025-07-29 18:13:20,993 - INFO - Thermocouple DAQ started.
2025-07-29 18:13:23,972 - INFO - Selected channels: [0, 1, 2, 3]
2025-07-29 18:16:22,978 - INFO - SIGTERM received. Exiting gracefully...
2025-07-29 18:20:55,413 - INFO - Logger initialized.
2025-07-29 18:20:55,419 - INFO - Thermocouple DAQ started.
2025-07-29 18:21:02,409 - INFO - Selected channels: [0, 1, 2, 3]
2025-07-29 18:37:37,374 - INFO - SIGHUP received. Exiting gracefully...
2025-07-29 18:37:37,375 - INFO - SIGHUP received. Exiting gracefully...
2025-07-29 19:29:38,743 - INFO - Logger initialized.
2025-07-29 19:29:38,749 - INFO - Thermocouple DAQ started.
2025-07-29 19:29:42,247 - INFO - Selected channels: [0, 1, 2, 3]
2025-07-29 19:30:02,146 - INFO - KeyboardInterrupt received. Exiting gracefully...
2025-09-11 12:15:06,678 - INFO - Logger initialized.
2025-09-11 12:18:39,910 - INFO - Logger initialized.
2025-09-11 12:31:12,283 - INFO - Logger initialized.
2025-09-11 12:31:12,297 - INFO - Thermocouple DAQ started.
2025-09-11 12:32:36,402 - INFO - Selected channels: [0, 1, 2, 3]
2025-09-11 12:34:34,402 - INFO - Logger initialized.
2025-09-11 12:34:34,408 - INFO - Thermocouple DAQ started.
2025-09-11 12:34:36,210 - INFO - Selected channels: [0, 1, 2, 3]
2025-09-11 12:40:54,180 - INFO - Logger initialized.
2025-09-11 12:40:54,185 - INFO - Thermocouple DAQ started.
2025-09-11 12:40:56,579 - INFO - Selected channels: [0, 1, 2, 3]
2025-09-11 12:42:00,739 - INFO - Logger initialized.
2025-09-11 12:42:00,744 - INFO - Thermocouple DAQ started.
2025-09-11 12:42:02,549 - INFO - Selected channels: [0, 1, 2, 3]
2025-09-11 12:42:46,573 - INFO - Logger initialized.
2025-09-11 12:42:46,578 - INFO - Thermocouple DAQ started.
2025-09-11 12:42:48,313 - INFO - Selected channels: [0, 1, 2, 3]
2025-09-11 12:43:41,402 - INFO - Logger initialized.
2025-09-11 12:43:41,407 - INFO - Thermocouple DAQ started.
2025-09-11 12:43:43,102 - INFO - Selected channels: [0, 1, 2, 3]
2025-09-11 12:44:24,431 - INFO - Logger initialized.
2025-09-11 12:44:24,436 - INFO - Thermocouple DAQ started.
2025-09-11 12:44:25,678 - INFO - Selected channels: [0, 1, 2, 3]
2025-09-11 12:46:22,638 - INFO - Logger initialized.
2025-09-11 12:46:22,643 - INFO - Thermocouple DAQ started.
2025-09-11 12:46:24,410 - INFO - Selected channels: [0, 1, 2, 3]
2025-09-11 12:50:16,488 - INFO - Logger initialized.
2025-09-11 12:50:16,493 - INFO - Thermocouple DAQ started.
2025-09-11 12:50:17,547 - INFO - Selected channels: [0, 1, 2, 3]
2025-09-11 12:57:22,958 - INFO - Logger initialized.
2025-09-11 12:57:22,963 - INFO - Thermocouple DAQ started.
2025-09-11 12:57:24,408 - INFO - Selected channels: [0, 1, 2, 3]
2025-09-11 12:58:51,759 - INFO - Logger initialized.
2025-09-11 12:58:51,764 - INFO - Thermocouple DAQ started.
2025-09-11 12:58:52,802 - INFO - Selected channels: [0, 1, 2, 3]
2025-09-11 13:00:02,610 - INFO - Logger initialized.
2025-09-11 13:00:02,616 - INFO - Thermocouple DAQ started.
2025-09-11 13:00:03,948 - INFO - Selected channels: [0, 1, 2, 3]
2025-09-11 13:01:45,125 - INFO - Logger initialized.
2025-09-11 13:01:45,131 - INFO - Thermocouple DAQ started.
2025-09-11 13:01:46,393 - INFO - Selected channels: [0, 1, 2, 3]
2025-09-11 13:03:50,881 - INFO - Logger initialized.
2025-09-11 13:03:50,887 - INFO - Thermocouple DAQ started.
2025-09-11 13:03:51,488 - INFO - Selected channels: [0, 1, 2, 3]
2025-09-11 13:05:13,731 - INFO - Logger initialized.
2025-09-11 13:05:13,737 - INFO - Thermocouple DAQ started.
2025-09-11 13:05:14,431 - INFO - Selected channels: [0, 1, 2, 3]
2025-09-11 13:09:06,121 - INFO - Logger initialized.
2025-09-11 13:09:06,126 - INFO - Thermocouple DAQ started.
2025-09-11 13:09:07,681 - INFO - Selected channels: [0, 1, 2, 3]
2025-09-11 13:11:14,296 - INFO - Logger initialized.
2025-09-11 13:11:14,302 - INFO - Thermocouple DAQ started.
2025-09-11 13:11:15,902 - INFO - Selected channels: [0, 1, 2, 3]
2025-09-11 13:11:57,631 - INFO - Logger initialized.
2025-09-11 13:11:57,637 - INFO - Thermocouple DAQ started.
2025-09-11 13:12:00,126 - INFO - Selected channels: [0, 1, 2, 3]
2025-09-11 13:13:43,886 - INFO - Logger initialized.
2025-09-11 13:13:43,891 - INFO - Thermocouple DAQ started.
2025-09-11 13:13:45,027 - INFO - Selected channels: [0, 1, 2, 3]
2025-09-11 13:14:23,447 - INFO - Logger initialized.
2025-09-11 13:14:23,452 - INFO - Thermocouple DAQ started.
2025-09-11 13:14:23,989 - INFO - Selected channels: [0, 1, 2, 3]
2025-09-11 13:15:39,290 - INFO - Logger initialized.
2025-09-11 13:15:39,296 - INFO - Thermocouple DAQ started.
2025-09-11 13:15:40,641 - INFO - Selected channels: [0, 1, 2, 3]
2025-09-11 13:16:23,106 - INFO - Logger initialized.
2025-09-11 13:16:23,111 - INFO - Thermocouple DAQ started.
2025-09-11 13:16:23,735 - INFO - Selected channels: [0, 1, 2, 3]
2025-09-11 13:23:14,584 - INFO - Logger initialized.
2025-09-11 13:23:14,590 - INFO - Thermocouple DAQ started.
2025-09-11 13:23:15,104 - INFO - Selected channels: [0, 1, 2, 3]
2025-09-11 13:23:49,118 - INFO - Logger initialized.
2025-09-11 13:23:49,124 - INFO - Thermocouple DAQ started.
2025-09-11 13:23:49,680 - INFO - Selected channels: [0, 1, 2, 3]
2025-09-11 13:24:38,818 - INFO - Logger initialized.
2025-09-11 13:24:38,824 - INFO - Thermocouple DAQ started.
2025-09-11 13:24:39,293 - INFO - Selected channels: [0, 1, 2, 3]
2025-09-11 13:25:13,132 - INFO - Logger initialized.
2025-09-11 13:25:13,138 - INFO - Thermocouple DAQ started.
2025-09-11 13:25:13,738 - INFO - Selected channels: [0, 1, 2, 3]
2025-09-11 13:29:43,865 - INFO - Logger initialized.
2025-09-11 13:29:43,871 - INFO - Thermocouple DAQ started.
2025-09-11 13:29:44,451 - INFO - Selected channels: [0, 1, 2, 3]
2025-09-11 13:30:36,352 - INFO - Logger initialized.
2025-09-11 13:30:36,358 - INFO - Thermocouple DAQ started.
2025-09-11 13:30:37,143 - INFO - Selected channels: [0, 1, 2, 3]
2025-09-11 13:32:22,554 - INFO - Logger initialized.
2025-09-11 13:32:22,559 - INFO - Thermocouple DAQ started.
2025-09-11 13:32:23,782 - INFO - Selected channels: [0, 1, 2, 3]
2025-09-11 13:36:52,698 - INFO - Logger initialized.
2025-09-11 13:36:52,704 - INFO - Thermocouple DAQ started.
2025-09-11 13:36:53,773 - INFO - Selected channels: [0, 1, 2, 3]
2025-09-11 13:41:26,575 - INFO - Logger initialized.
2025-09-11 13:44:57,878 - INFO - Logger initialized.
2025-09-11 13:44:57,884 - INFO - Thermocouple DAQ started.
2025-09-11 13:45:00,490 - INFO - Selected channels: [0, 1, 2, 3]
2025-09-11 13:53:53,053 - INFO - Logger initialized.
2025-09-11 13:53:53,059 - INFO - Thermocouple DAQ started.
2025-09-11 13:53:54,309 - INFO - Selected channels: [0, 1, 2, 3]
2025-09-11 15:36:30,932 - INFO - Logger initialized.
2025-09-11 15:36:30,946 - INFO - Thermocouple DAQ started.
2025-09-11 15:36:32,809 - INFO - Selected channels: [0, 1, 2, 3]
2025-09-11 15:38:58,131 - INFO - Logger initialized.
2025-09-11 15:38:58,136 - INFO - Thermocouple DAQ started.
2025-09-11 15:38:59,824 - INFO - Selected channels: [0, 1, 2, 3]
2025-09-11 16:25:41,714 - INFO - Logger initialized.
2025-09-11 16:25:41,720 - INFO - Thermocouple DAQ started.
2025-09-11 16:25:43,871 - INFO - Selected channels: [0, 1, 2, 3]
2025-09-11 16:31:20,507 - INFO - Logger initialized.
2025-09-11 16:31:20,513 - INFO - Thermocouple DAQ started.
2025-09-11 16:31:21,946 - INFO - Selected channels: [0, 1, 2, 3]
2025-09-11 16:34:55,856 - INFO - Logger initialized.
2025-09-11 16:34:55,862 - INFO - Thermocouple DAQ started.
2025-09-11 16:34:57,161 - INFO - Selected channels: [0, 1, 2, 3]
2025-09-11 16:42:48,192 - INFO - Logger initialized.
2025-09-11 16:42:48,198 - INFO - Thermocouple DAQ started.
2025-09-11 16:42:49,648 - INFO - Selected channels: [0, 1, 2, 3]
2025-10-07 11:56:29,235 - INFO - Logger initialized.
2025-10-07 11:56:29,249 - INFO - Thermocouple DAQ started.
2025-10-07 11:56:31,160 - INFO - Selected channels: [0, 1, 2, 3]
2025-10-07 12:07:06,725 - INFO - Logger initialized.
2025-10-07 12:07:06,730 - INFO - Thermocouple DAQ started.
2025-10-07 12:07:11,889 - INFO - Selected channels: [0, 1, 2, 3]
2025-10-07 12:07:28,766 - INFO - Logger initialized.
2025-10-07 12:07:28,771 - INFO - Thermocouple DAQ started.
2025-10-07 12:07:29,490 - INFO - Selected channels: [0, 1, 2, 3]
2025-10-07 12:07:59,045 - INFO - Logger initialized.
2025-10-07 12:07:59,050 - INFO - Thermocouple DAQ started.
2025-10-07 12:08:01,490 - INFO - Selected channels: [0, 1]
2025-10-07 12:14:19,780 - INFO - Logger initialized.
2025-10-07 12:14:19,795 - INFO - Thermocouple DAQ started.
2025-10-07 12:14:33,759 - INFO - Selected channels: [0, 1, 2, 3]
2025-10-07 12:27:50,898 - INFO - Logger initialized.
2025-10-07 12:27:50,912 - INFO - Thermocouple DAQ started.
2025-10-07 12:27:52,114 - INFO - Selected channels: [0, 1, 2, 3]
2025-10-07 12:32:21,837 - INFO - Logger initialized.
2025-10-07 12:32:21,853 - INFO - Thermocouple DAQ started.
2025-10-07 12:32:22,978 - INFO - Selected channels: [0, 1, 2, 3]
2025-10-07 12:32:48,910 - INFO - Logger initialized.
2025-10-07 12:32:48,916 - INFO - Thermocouple DAQ started.
2025-10-07 12:32:50,137 - INFO - Selected channels: [0, 1, 2, 3]
2025-10-07 12:59:36,510 - INFO - Logger initialized.
2025-10-07 12:59:36,516 - INFO - Thermocouple DAQ started.
2025-10-07 12:59:39,179 - INFO - Selected channels: [0, 1, 2, 3]
2025-10-07 13:00:21,141 - INFO - Logger initialized.
2025-10-07 13:00:21,147 - INFO - Thermocouple DAQ started.
2025-10-07 13:00:23,586 - INFO - Selected channels: [0, 1, 2, 3]
2025-10-07 13:02:31,592 - INFO - Logger initialized.
2025-10-07 13:02:31,598 - INFO - Thermocouple DAQ started.
2025-10-07 13:02:33,277 - INFO - Selected channels: [0, 1, 2, 3]
2025-10-07 13:03:46,329 - INFO - Logger initialized.
2025-10-07 13:03:46,335 - INFO - Thermocouple DAQ started.
2025-10-07 13:03:47,620 - INFO - Selected channels: [0, 1, 2, 3]
2025-10-07 13:59:06,927 - INFO - Logger initialized.
2025-10-07 13:59:06,933 - INFO - Thermocouple DAQ started.
2025-10-07 13:59:08,136 - INFO - Selected channels: [0, 1, 2, 3]
2025-10-07 13:59:30,659 - INFO - Logger initialized.
2025-10-07 13:59:30,665 - INFO - Thermocouple DAQ started.
2025-10-07 13:59:32,065 - INFO - Selected channels: [0, 1, 2, 3]
2025-10-07 14:01:17,643 - INFO - Logger initialized.
2025-10-07 14:01:17,649 - INFO - Thermocouple DAQ started.
2025-10-07 14:01:19,841 - INFO - Selected channels: [0, 1, 2, 3]
2025-10-07 14:06:34,227 - INFO - Logger initialized.
2025-10-07 14:06:34,233 - INFO - Thermocouple DAQ started.
2025-10-07 14:06:36,803 - INFO - Selected channels: [0, 1, 2, 3]
2025-10-07 14:07:54,228 - INFO - Logger initialized.
2025-10-07 14:07:54,233 - INFO - Thermocouple DAQ started.
2025-10-07 14:07:55,819 - INFO - Selected channels: [0, 1, 2, 3]
2025-10-07 14:39:56,957 - INFO - Logger initialized.
2025-10-07 14:39:56,962 - INFO - Thermocouple DAQ started.
2025-10-07 14:39:57,651 - INFO - Selected channels: [0, 1, 2, 3]
2025-10-08 10:30:34,025 - INFO - Logger initialized.
2025-10-08 10:30:34,040 - INFO - Thermocouple DAQ started.
2025-10-08 10:30:35,686 - INFO - Selected channels: [0, 1, 2, 3]
2025-10-08 10:40:14,547 - INFO - Logger initialized.
2025-10-08 10:40:14,552 - INFO - Thermocouple DAQ started.
2025-10-08 10:40:15,798 - INFO - Selected channels: [0, 1, 2, 3]
2025-10-08 10:45:14,084 - INFO - Logger initialized.
2025-10-08 10:45:14,090 - INFO - Thermocouple DAQ started.
2025-10-08 10:45:15,866 - INFO - Selected channels: [0, 1, 2, 3]
2025-10-08 11:03:04,026 - INFO - Logger initialized.
2025-10-08 11:03:04,032 - INFO - Thermocouple DAQ started.
2025-10-08 11:03:04,583 - INFO - Selected channels: [0, 1, 2, 3]
2025-10-08 11:26:02,170 - INFO - Logger initialized.
2025-10-08 11:26:02,176 - INFO - Thermocouple DAQ started.
2025-10-08 11:26:03,705 - INFO - Selected channels: [0, 1, 2, 3]
2025-10-08 12:04:02,066 - INFO - Logger initialized.
2025-10-08 12:04:02,072 - INFO - Thermocouple DAQ started.
2025-10-08 12:04:03,117 - INFO - Selected channels: [0, 1, 2, 3]
2025-10-08 12:35:05,329 - INFO - Logger initialized.
2025-10-08 12:35:05,335 - INFO - Thermocouple DAQ started.
2025-10-08 12:35:05,816 - INFO - Selected channels: [0, 1, 2, 3]
2025-10-08 12:43:30,903 - INFO - Logger initialized.
2025-10-08 12:43:30,908 - INFO - Thermocouple DAQ started.
2025-10-08 12:43:32,292 - INFO - Selected channels: [0, 1, 2, 3]
2025-10-08 13:30:14,156 - INFO - Logger initialized.
2025-10-08 13:30:14,161 - INFO - Thermocouple DAQ started.
2025-10-08 13:30:15,478 - INFO - Selected channels: [0, 1, 2, 3]
2025-10-08 13:59:59,794 - INFO - Logger initialized.
2025-10-08 13:59:59,800 - INFO - Thermocouple DAQ started.
2025-10-08 14:00:00,544 - INFO - Selected channels: [0, 1, 2, 3]
2025-10-09 11:34:13,746 - INFO - Logger initialized.
2025-10-09 11:34:13,761 - INFO - Thermocouple DAQ started.
2025-10-09 11:34:15,002 - INFO - Selected channels: [0, 1, 2, 3]
2025-10-09 12:52:57,149 - INFO - Logger initialized.
2025-10-09 12:52:57,154 - INFO - Thermocouple DAQ started.
2025-10-09 12:52:58,073 - INFO - Selected channels: [0, 1, 2, 3]
2025-10-09 13:09:01,154 - INFO - Logger initialized.
2025-10-09 13:09:01,160 - INFO - Thermocouple DAQ started.
2025-10-09 13:09:01,858 - INFO - Selected channels: [0, 1, 2, 3]
2025-10-09 13:27:12,749 - INFO - Logger initialized.
2025-10-09 13:27:12,755 - INFO - Thermocouple DAQ started.
2025-10-09 13:27:13,528 - INFO - Selected channels: [0, 1, 2, 3]
2025-10-09 13:40:50,695 - INFO - Logger initialized.
2025-10-09 13:40:50,701 - INFO - Thermocouple DAQ started.
2025-10-09 13:40:51,624 - INFO - Selected channels: [0, 1, 2, 3]
2025-10-10 10:07:51,091 - INFO - Logger initialized.
2025-10-10 10:07:51,107 - INFO - Thermocouple DAQ started.
2025-10-10 10:07:52,387 - INFO - Selected channels: [0, 1, 2, 3]
2025-10-10 10:42:04,028 - INFO - Logger initialized.
2025-10-10 10:42:04,034 - INFO - Thermocouple DAQ started.
2025-10-10 10:42:05,284 - INFO - Selected channels: [0, 1, 2, 3]
2025-10-10 11:20:32,913 - INFO - Logger initialized.
2025-10-10 11:20:32,918 - INFO - Thermocouple DAQ started.
2025-10-10 11:20:33,855 - INFO - Selected channels: [0, 1, 2, 3]
2025-10-10 11:53:35,989 - INFO - Logger initialized.
2025-10-10 11:53:35,994 - INFO - Thermocouple DAQ started.
2025-10-10 11:53:36,629 - INFO - Selected channels: [0, 1, 2, 3]
2025-10-10 12:26:26,850 - INFO - Logger initialized.
2025-10-10 12:26:26,855 - INFO - Thermocouple DAQ started.
2025-10-10 12:26:27,861 - INFO - Selected channels: [0, 1, 2, 3]
2025-11-20 19:27:47,182 - INFO - Logger initialized.
2025-11-20 19:27:47,196 - INFO - Thermocouple DAQ started.
2025-11-20 19:27:49,738 - INFO - Selected channels: [0, 1, 2, 3]
2025-11-20 19:35:15,043 - INFO - KeyboardInterrupt received. Exiting gracefully...
2025-11-20 21:15:04,002 - INFO - Logger initialized.
2025-11-20 21:15:04,018 - INFO - Thermocouple DAQ started.
2025-11-20 21:15:06,436 - INFO - Selected channels: [0, 1, 2, 3]
2025-11-20 21:30:05,414 - INFO - KeyboardInterrupt received. Exiting gracefully...
2025-11-20 21:46:45,151 - INFO - Logger initialized.
2025-11-20 21:46:45,157 - INFO - Thermocouple DAQ started.
2025-11-20 21:46:47,643 - INFO - Selected channels: [0, 1, 2, 3]
2025-11-20 22:01:44,298 - INFO - KeyboardInterrupt received. Exiting gracefully...
2025-11-20 22:53:14,771 - INFO - Logger initialized.
2025-11-20 22:53:14,786 - INFO - Thermocouple DAQ started.
2025-11-20 22:53:20,406 - INFO - Selected channels: [0, 1, 2, 3]
2025-11-20 23:14:14,451 - INFO - KeyboardInterrupt received. Exiting gracefully...
2025-11-20 23:33:59,774 - INFO - Logger initialized.
2025-11-20 23:33:59,789 - INFO - Thermocouple DAQ started.
2025-11-20 23:38:13,905 - INFO - Selected channels: [0, 1, 2, 3]
2025-11-21 00:49:23,820 - INFO - KeyboardInterrupt received. Exiting gracefully...
2025-11-21 00:56:06,060 - INFO - Logger initialized.
2025-11-21 00:56:06,076 - INFO - Thermocouple DAQ started.
2025-11-21 00:56:09,543 - INFO - Selected channels: [0, 1, 2, 3]
2025-11-21 00:56:24,256 - INFO - Logger initialized.
2025-11-21 00:56:24,262 - INFO - Thermocouple DAQ started.
2025-11-21 00:56:25,394 - INFO - Selected channels: [0, 1, 2, 3]
2025-11-21 01:00:52,228 - INFO - KeyboardInterrupt received. Exiting gracefully...
2025-11-21 01:15:48,161 - INFO - Logger initialized.
2025-11-21 01:15:48,167 - INFO - Thermocouple DAQ started.
2025-11-21 01:17:13,924 - INFO - Selected channels: [0, 1, 2, 3]
2025-11-21 02:06:58,239 - INFO - SIGHUP received. Exiting gracefully...
2025-11-21 03:35:14,046 - INFO - Logger initialized.
2025-11-21 03:35:14,063 - INFO - Thermocouple DAQ started.
2025-11-21 03:38:34,355 - INFO - Selected channels: [0, 1, 2, 3]
2025-11-21 04:41:45,676 - INFO - KeyboardInterrupt received. Exiting gracefully...
2025-11-21 08:26:47,778 - INFO - Logger initialized.
2025-11-21 08:26:47,785 - INFO - Thermocouple DAQ started.
2025-11-21 08:26:49,625 - INFO - Selected channels: [0, 1, 2, 3]
2025-11-21 08:27:35,536 - INFO - Logger initialized.
2025-11-21 08:27:35,542 - INFO - Thermocouple DAQ started.
2025-11-21 08:27:37,199 - INFO - Selected channels: [0, 1, 2, 3]
2025-11-21 08:28:44,355 - INFO - Logger initialized.
2025-11-21 08:28:44,360 - INFO - Thermocouple DAQ started.
2025-11-21 08:28:47,154 - INFO - Selected channels: [0, 1, 2, 3]
2025-11-21 08:34:14,213 - INFO - Logger initialized.
2025-11-21 08:34:14,218 - INFO - Thermocouple DAQ started.
2025-11-21 08:34:17,273 - INFO - Selected channels: [0]
2025-11-21 08:34:43,744 - INFO - Logger initialized.
2025-11-21 08:34:43,749 - INFO - Thermocouple DAQ started.
2025-11-21 08:34:45,098 - INFO - Selected channels: [0, 1, 2, 3]
2025-11-21 08:37:30,338 - INFO - Logger initialized.
2025-11-21 08:37:30,344 - INFO - Thermocouple DAQ started.
2025-11-21 08:37:37,302 - INFO - Selected channels: [0, 1, 2, 3]
2025-11-21 08:44:57,744 - INFO - Logger initialized.
2025-11-21 08:44:57,750 - INFO - Thermocouple DAQ started.
2025-11-21 08:44:59,456 - INFO - Selected channels: [0, 1, 2, 3]
2025-11-21 08:46:09,591 - INFO - Logger initialized.
2025-11-21 08:46:09,597 - INFO - Thermocouple DAQ started.
2025-11-21 08:46:21,972 - INFO - Selected channels: [0, 1, 2, 3]
2025-11-21 08:47:13,497 - INFO - Logger initialized.
2025-11-21 08:47:13,503 - INFO - Thermocouple DAQ started.
2025-11-21 08:47:14,596 - INFO - Selected channels: [0, 1, 2, 3]
2025-11-21 08:47:56,466 - INFO - Logger initialized.
2025-11-21 08:47:56,472 - INFO - Thermocouple DAQ started.
2025-11-21 08:47:57,109 - INFO - Selected channels: [0, 1, 2, 3]
2025-11-21 08:49:08,348 - INFO - Logger initialized.
2025-11-21 08:49:08,354 - INFO - Thermocouple DAQ started.
2025-11-21 08:49:09,997 - INFO - Selected channels: [0, 1, 2, 3]
2025-11-21 10:59:57,569 - INFO - Logger initialized.
2025-11-21 10:59:57,575 - INFO - Thermocouple DAQ started.
2025-11-21 11:00:00,689 - INFO - Selected channels: [0, 1, 2, 3]
2025-11-21 11:04:05,006 - INFO - Logger initialized.
2025-11-21 11:04:05,011 - INFO - Thermocouple DAQ started.
2025-11-21 11:04:07,897 - INFO - Selected channels: [0, 1]
2025-11-21 11:04:14,581 - INFO - Logger initialized.
2025-11-21 11:04:14,587 - INFO - Thermocouple DAQ started.
2025-11-21 11:04:15,294 - INFO - Selected channels: [0, 1, 2, 3]
2025-11-21 11:08:55,267 - INFO - Logger initialized.
2025-11-21 11:08:55,272 - INFO - Thermocouple DAQ started.
2025-11-21 11:09:03,738 - INFO - Selected channels: [0, 1, 2, 3]
2025-11-21 11:12:58,941 - INFO - Logger initialized.
2025-11-21 11:12:58,947 - INFO - Thermocouple DAQ started.
2025-11-21 11:13:01,989 - INFO - Selected channels: [0, 1, 2, 3]
2025-11-21 11:20:27,545 - INFO - Logger initialized.
2025-11-21 11:20:27,551 - INFO - Thermocouple DAQ started.
2025-11-21 11:20:29,071 - INFO - Selected channels: [0, 1, 2, 3]
2025-11-21 11:27:32,829 - INFO - Logger initialized.
2025-11-21 11:27:32,834 - INFO - Thermocouple DAQ started.
2025-11-21 11:27:34,341 - INFO - Selected channels: [0, 1, 2, 3]
2025-11-21 11:28:26,876 - INFO - Logger initialized.
2025-11-21 11:28:26,881 - INFO - Thermocouple DAQ started.
2025-11-21 11:28:28,577 - INFO - Selected channels: [0, 1, 2, 3]
2025-11-21 12:34:00,164 - INFO - Logger initialized.
2025-11-21 12:34:00,180 - INFO - Thermocouple DAQ started.
2025-11-21 12:34:01,831 - INFO - Selected channels: [0, 1, 2, 3]
2025-11-21 12:35:54,528 - INFO - Logger initialized.
2025-11-21 12:35:54,534 - INFO - Thermocouple DAQ started.
2025-11-21 12:35:56,726 - INFO - Selected channels: [0, 1, 2, 3]
2025-11-21 12:44:41,351 - INFO - Logger initialized.
2025-11-21 12:44:41,356 - INFO - Thermocouple DAQ started.
2025-11-21 12:44:43,212 - INFO - Selected channels: [0, 1, 2, 3]
2025-11-21 13:02:11,665 - INFO - Logger initialized.
2025-11-21 13:02:11,672 - INFO - Thermocouple DAQ started.
2025-11-21 13:59:13,685 - INFO - Logger initialized.
2025-11-21 13:59:13,691 - INFO - Thermocouple DAQ started.
2025-11-21 13:59:14,813 - INFO - Selected channels: [0, 1, 2, 3]
2025-11-21 14:00:37,638 - INFO - Logger initialized.
2025-11-21 14:00:37,644 - INFO - Thermocouple DAQ started.
2025-11-21 14:00:38,850 - INFO - Selected channels: [0, 1, 2, 3]
2025-11-21 14:02:03,571 - INFO - Logger initialized.
2025-11-21 14:02:03,577 - INFO - Thermocouple DAQ started.
2025-11-21 14:02:11,443 - INFO - Selected channels: [0, 1, 2, 3]
2025-11-21 14:02:39,450 - INFO - Logger initialized.
2025-11-21 14:02:39,456 - INFO - Thermocouple DAQ started.
2025-11-21 14:03:15,171 - INFO - Logger initialized.
2025-11-21 14:03:15,177 - INFO - Thermocouple DAQ started.
2025-11-21 14:03:28,573 - INFO - Selected channels: [0, 1, 2, 3]
2025-11-21 14:06:43,283 - INFO - Logger initialized.
2025-11-21 14:06:43,289 - INFO - Thermocouple DAQ started.
2025-11-21 14:06:50,578 - INFO - Selected channels: [0, 1, 2, 3]
2025-11-21 14:07:40,172 - INFO - Logger initialized.
2025-11-21 14:07:40,178 - INFO - Thermocouple DAQ started.
2025-11-21 14:07:46,033 - INFO - Selected channels: [0, 1, 2, 3]
2025-11-21 16:41:19,240 - INFO - Logger initialized.
2025-11-21 16:41:19,246 - INFO - Thermocouple DAQ started.
2025-11-21 16:41:23,061 - INFO - Selected channels: [0, 1, 2, 3]
2025-11-21 16:43:12,013 - INFO - Logger initialized.
2025-11-21 16:43:12,019 - INFO - Thermocouple DAQ started.
2025-11-21 16:43:20,618 - INFO - Logger initialized.
2025-11-21 16:43:20,624 - INFO - Thermocouple DAQ started.
2025-11-21 16:43:34,943 - INFO - Logger initialized.
2025-11-21 16:43:34,949 - INFO - Thermocouple DAQ started.
2025-11-21 16:46:38,936 - INFO - Logger initialized.
2025-11-21 16:46:38,954 - INFO - Thermocouple DAQ started.
2025-11-21 16:46:47,429 - INFO - Selected channels: [0, 1, 2, 3]
2025-11-21 16:47:42,312 - INFO - Logger initialized.
2025-11-21 16:47:42,318 - INFO - Thermocouple DAQ started.
2025-11-21 16:47:47,575 - INFO - Selected channels: [0, 1, 2, 3]
2025-11-21 16:48:11,156 - INFO - Logger initialized.
2025-11-21 16:48:11,162 - INFO - Thermocouple DAQ started.
2025-11-21 16:48:16,692 - INFO - Selected channels: [0, 1, 2, 3]
2025-11-21 16:51:39,803 - INFO - Logger initialized.
2025-11-21 16:51:39,809 - INFO - Thermocouple DAQ started.
2025-11-21 16:51:41,974 - INFO - Selected channels: [0, 1, 2, 3]
2025-11-21 16:52:05,548 - INFO - Logger initialized.
2025-11-21 16:52:05,554 - INFO - Thermocouple DAQ started.
2025-11-21 16:52:16,516 - INFO - Logger initialized.
2025-11-21 16:52:16,522 - INFO - Thermocouple DAQ started.
2025-11-21 16:53:09,598 - INFO - Logger initialized.
2025-11-21 16:53:09,614 - INFO - Thermocouple DAQ started.
2025-11-21 16:53:11,429 - INFO - Selected channels: [0, 1, 2, 3]
2025-11-21 16:57:53,910 - INFO - Logger initialized.
2025-11-21 16:57:53,916 - INFO - Thermocouple DAQ started.
2025-11-21 16:57:59,790 - INFO - Selected channels: [0, 1, 2, 3]
2025-11-21 16:58:45,987 - INFO - Logger initialized.
2025-11-21 16:58:45,992 - INFO - Thermocouple DAQ started.
2025-11-21 16:59:56,011 - INFO - Logger initialized.
2025-11-21 16:59:56,017 - INFO - Thermocouple DAQ started.
2025-11-21 17:00:41,643 - INFO - Logger initialized.
2025-11-21 17:00:41,649 - INFO - Thermocouple DAQ started.
2025-11-21 17:00:45,376 - INFO - Selected channels: [0, 1, 2, 3]
2025-11-21 17:01:34,147 - INFO - Logger initialized.
2025-11-21 17:01:34,153 - INFO - Thermocouple DAQ started.
2025-11-21 17:01:36,136 - INFO - Selected channels: [0, 1, 2, 3]
2025-11-21 17:03:49,526 - INFO - Logger initialized.
2025-11-21 17:03:49,532 - INFO - Thermocouple DAQ started.
2025-11-21 17:04:31,365 - INFO - Logger initialized.
2025-11-21 17:04:31,380 - INFO - Thermocouple DAQ started.
2025-11-21 17:04:33,062 - INFO - Selected channels: [0, 1, 2, 3]
2025-11-21 17:04:45,729 - INFO - Logger initialized.
2025-11-21 17:04:45,735 - INFO - Thermocouple DAQ started.
2025-11-21 17:04:52,252 - INFO - Selected channels: [0, 1, 2, 3]
2025-11-21 17:05:30,089 - INFO - Logger initialized.
2025-11-21 17:05:30,095 - INFO - Thermocouple DAQ started.
2025-11-21 17:06:20,910 - INFO - Logger initialized.
2025-11-21 17:06:20,925 - INFO - Thermocouple DAQ started.
2025-11-21 17:06:22,440 - INFO - Selected channels: [0, 1, 2, 3]
2025-11-21 17:07:04,025 - INFO - Logger initialized.
2025-11-21 17:07:04,031 - INFO - Thermocouple DAQ started.
2025-11-21 17:07:11,965 - INFO - Logger initialized.
2025-11-21 17:07:11,971 - INFO - Thermocouple DAQ started.
2025-11-21 17:08:22,287 - INFO - Logger initialized.
2025-11-21 17:08:22,293 - INFO - Thermocouple DAQ started.
2025-11-21 17:08:31,618 - INFO - Selected channels: [0, 1, 2, 3]
2025-11-21 17:09:30,842 - INFO - Logger initialized.
2025-11-21 17:09:30,848 - INFO - Thermocouple DAQ started.
2025-11-21 17:09:37,035 - INFO - Selected channels: [0, 1, 2, 3]
2025-11-21 17:12:00,207 - INFO - Logger initialized.
2025-11-21 17:12:00,213 - INFO - Thermocouple DAQ started.
2025-11-21 17:12:01,093 - INFO - Selected channels: [0, 1, 2, 3, 4, 5, 6, 7, 8, 9]
2025-11-21 17:12:11,213 - INFO - Logger initialized.
2025-11-21 17:12:11,218 - INFO - Thermocouple DAQ started.
2025-11-21 17:12:23,235 - INFO - Selected channels: [0, 1, 2, 3, 4, 5, 6, 7, 8, 9]
2025-11-21 17:12:49,405 - INFO - Logger initialized.
2025-11-21 17:12:49,411 - INFO - Thermocouple DAQ started.
2025-11-21 17:12:52,754 - INFO - Selected channels: [0, 1, 2, 3]
2025-11-21 17:17:29,095 - INFO - Logger initialized.
2025-11-21 17:17:29,100 - INFO - Thermocouple DAQ started.
2025-11-21 17:18:07,582 - INFO - Logger initialized.
2025-11-21 17:18:07,588 - INFO - Thermocouple DAQ started.
2025-11-21 17:18:14,710 - INFO - Selected channels: [0, 1, 2, 3]
2025-11-21 17:26:25,010 - INFO - Logger initialized.
2025-11-21 17:26:25,016 - INFO - Thermocouple DAQ started.
2025-11-21 17:26:39,376 - INFO - Logger initialized.
2025-11-21 17:26:39,382 - INFO - Thermocouple DAQ started.
2025-11-21 17:26:43,785 - INFO - Selected channels: [0, 1, 2, 3]
2025-11-21 17:26:53,778 - INFO - Logger initialized.
2025-11-21 17:26:53,784 - INFO - Thermocouple DAQ started.
2025-11-21 17:27:00,949 - INFO - Selected channels: [0, 1, 2, 3]
2025-11-22 15:52:29,934 - INFO - Logger initialized.
2025-11-22 15:52:29,940 - INFO - Thermocouple DAQ started.
2025-11-22 15:52:37,344 - INFO - Selected channels: [0, 1, 2, 3]
2025-11-22 15:53:53,966 - INFO - Logger initialized.
2025-11-22 15:53:53,972 - INFO - Thermocouple DAQ started.
2025-11-22 15:53:56,831 - INFO - Selected channels: [0, 1, 2, 3]
2025-11-22 15:54:32,146 - INFO - Logger initialized.
2025-11-22 15:54:32,152 - INFO - Thermocouple DAQ started.
2025-11-22 15:54:34,120 - INFO - Selected channels: [0, 1, 2, 3]
2025-11-22 15:55:08,159 - INFO - Logger initialized.
2025-11-22 15:55:08,165 - INFO - Thermocouple DAQ started.
2025-11-22 15:55:09,780 - INFO - Selected channels: [0, 1, 2, 3]
2025-11-22 16:11:45,647 - INFO - Logger initialized.
2025-11-22 16:11:45,653 - INFO - Thermocouple DAQ started.
2025-11-22 16:11:46,084 - INFO - Selected channels: [0, 1, 2, 3]
2025-11-22 16:15:07,765 - INFO - Logger initialized.
2025-11-22 16:15:07,771 - INFO - Thermocouple DAQ started.
2025-11-22 16:15:08,415 - INFO - Selected channels: [0, 1, 2, 3]
2025-11-22 16:16:55,162 - INFO - Logger initialized.
2025-11-22 16:16:55,168 - INFO - Thermocouple DAQ started.
2025-11-22 16:16:55,738 - INFO - Selected channels: [0, 1, 2, 3]
2025-11-22 16:20:46,610 - INFO - Logger initialized.
2025-11-22 16:20:46,616 - INFO - Thermocouple DAQ started.
2025-11-22 16:20:47,174 - INFO - Selected channels: [0, 1, 2, 3]
2025-11-22 18:19:36,185 - INFO - Logger initialized.
2025-11-22 18:19:36,191 - INFO - Thermocouple DAQ started.
2025-11-22 18:19:37,532 - INFO - Selected channels: [0, 1, 2, 3]
2025-11-22 18:23:12,563 - INFO - Logger initialized.
2025-11-22 18:23:12,569 - INFO - Thermocouple DAQ started.
2025-11-22 18:23:16,742 - INFO - Selected channels: [0, 1, 2, 3]
2025-11-22 18:24:34,487 - INFO - Logger initialized.
2025-11-22 18:24:34,493 - INFO - Thermocouple DAQ started.
2025-11-22 18:24:34,891 - INFO - Selected channels: [0, 1, 2, 3]
2025-11-22 18:26:11,312 - INFO - Logger initialized.
2025-11-22 18:26:11,318 - INFO - Thermocouple DAQ started.
2025-11-22 18:26:11,747 - INFO - Selected channels: [0, 1, 2, 3]
2025-11-22 18:30:34,890 - INFO - Logger initialized.
2025-11-22 18:30:34,896 - INFO - Thermocouple DAQ started.
2025-11-22 18:31:07,402 - INFO - Selected channels: [0, 1, 2, 3]
2025-11-22 18:31:26,980 - INFO - Logger initialized.
2025-11-22 18:31:26,986 - INFO - Thermocouple DAQ started.
2025-11-22 18:31:50,061 - INFO - Selected channels: [0, 1, 2, 3]
2025-11-22 18:32:17,876 - INFO - Logger initialized.
2025-11-22 18:32:17,882 - INFO - Thermocouple DAQ started.
2025-11-22 18:32:28,867 - INFO - Selected channels: [0, 1, 2, 3]
2025-11-22 18:35:26,488 - INFO - Logger initialized.
2025-11-22 18:35:26,494 - INFO - Thermocouple DAQ started.
2025-11-22 18:35:28,389 - INFO - Selected channels: [0, 1, 2, 3]
2025-11-23 11:35:37,998 - INFO - Logger initialized.
2025-11-23 11:35:38,005 - INFO - Thermocouple DAQ started.
2025-11-23 11:35:39,317 - INFO - Selected channels: [0, 1, 2, 3]
2025-11-23 11:40:04,075 - INFO - Logger initialized.
2025-11-23 11:40:04,081 - INFO - Thermocouple DAQ started.
2025-11-23 11:40:05,142 - INFO - Selected channels: [0, 1, 2, 3]
2025-11-23 11:42:20,099 - INFO - Logger initialized.
2025-11-23 11:42:20,105 - INFO - Thermocouple DAQ started.
2025-11-23 11:42:20,572 - INFO - Selected channels: [0, 1, 2, 3]
2025-11-23 11:43:12,357 - INFO - Logger initialized.
2025-11-23 11:43:12,362 - INFO - Thermocouple DAQ started.
2025-11-23 11:43:12,809 - INFO - Selected channels: [0, 1, 2, 3]
2025-11-23 11:48:11,207 - INFO - Logger initialized.
2025-11-23 11:48:11,212 - INFO - Thermocouple DAQ started.
2025-11-23 11:48:11,690 - INFO - Selected channels: [0, 1, 2, 3]
2025-11-23 12:14:50,706 - INFO - Logger initialized.
2025-11-23 12:14:50,713 - INFO - Thermocouple DAQ started.
2025-11-23 12:14:51,275 - INFO - Selected channels: [0, 1, 2, 3]
2025-11-23 12:30:06,558 - INFO - Logger initialized.
2025-11-23 12:30:06,564 - INFO - Thermocouple DAQ started.
2025-11-23 12:30:07,202 - INFO - Selected channels: [0, 1, 2, 3]
2025-11-23 15:31:04,033 - INFO - Logger initialized.
2025-11-23 15:31:04,039 - INFO - Thermocouple DAQ started.
2025-11-23 15:31:05,896 - INFO - Selected channels: [0, 1, 2, 3]
2025-11-23 15:35:23,599 - INFO - Logger initialized.
2025-11-23 15:35:23,605 - INFO - Thermocouple DAQ started.
2025-11-23 15:35:23,965 - INFO - Selected channels: [0, 1, 2, 3]
2025-11-23 15:47:49,026 - INFO - Logger initialized.
2025-11-23 15:47:49,032 - INFO - Thermocouple DAQ started.
2025-11-23 15:47:50,209 - INFO - Selected channels: [0, 1, 2, 3]
2025-11-23 15:49:03,104 - INFO - Logger initialized.
2025-11-23 15:49:03,110 - INFO - Thermocouple DAQ started.
2025-11-23 15:49:03,411 - INFO - Selected channels: [0, 1, 2, 3]
2025-11-23 15:52:06,953 - INFO - Logger initialized.
2025-11-23 15:52:06,959 - INFO - Thermocouple DAQ started.
2025-11-23 15:52:07,333 - INFO - Selected channels: [0, 1, 2, 3]
2025-11-27 15:30:28,190 - INFO - Logger initialized.
2025-11-27 15:30:28,196 - INFO - Thermocouple DAQ started.
2025-11-27 15:30:29,551 - INFO - Selected channels: [0, 1, 2, 3]
2025-11-27 15:37:39,524 - INFO - Logger initialized.
2025-11-27 15:37:39,530 - INFO - Thermocouple DAQ started.
2025-11-27 15:37:50,021 - INFO - Selected channels: [0, 1, 2, 3]
2025-11-27 15:39:53,970 - INFO - Logger initialized.
2025-11-27 15:39:53,976 - INFO - Thermocouple DAQ started.
2025-11-27 15:39:54,570 - INFO - Selected channels: [0, 1, 2, 3]
2025-11-27 15:46:23,633 - INFO - Logger initialized.
2025-11-27 15:46:23,639 - INFO - Thermocouple DAQ started.
2025-11-27 15:46:26,260 - INFO - Selected channels: [0, 1, 2, 3]
2025-11-27 15:46:48,898 - INFO - Logger initialized.
2025-11-27 15:46:48,904 - INFO - Thermocouple DAQ started.
2025-11-27 15:46:49,403 - INFO - Selected channels: [0, 1, 2, 3]
2025-11-27 15:54:55,720 - INFO - Logger initialized.
2025-11-27 15:54:55,726 - INFO - Thermocouple DAQ started.
2025-11-27 15:55:00,232 - INFO - Selected channels: [0, 1, 2, 3]
2025-11-27 16:24:33,092 - INFO - Logger initialized.
2025-11-27 16:24:33,098 - INFO - Thermocouple DAQ started.
2025-11-27 16:24:34,115 - INFO - Selected channels: [0, 1, 2, 3]
2025-11-27 16:26:19,174 - INFO - Logger initialized.
2025-11-27 16:26:19,180 - INFO - Thermocouple DAQ started.
2025-11-27 16:26:23,293 - INFO - Selected channels: [0, 1, 2, 3]
2025-11-27 17:45:02,377 - INFO - Logger initialized.
2025-11-27 17:45:02,383 - INFO - Thermocouple DAQ started.
2025-11-27 17:45:06,872 - INFO - Selected channels: [0, 1, 2, 3]
2025-11-27 18:42:46,118 - INFO - Logger initialized.
2025-11-27 18:42:46,124 - INFO - Thermocouple DAQ started.
2025-11-27 18:43:06,713 - INFO - Selected channels: [0, 1, 2, 3]
2025-11-27 18:44:40,219 - INFO - Logger initialized.
2025-11-27 18:44:40,225 - INFO - Thermocouple DAQ started.
2025-11-27 18:44:40,604 - INFO - Selected channels: [0, 1, 2, 3]
2025-11-27 18:46:47,557 - INFO - Logger initialized.
2025-11-27 18:46:47,563 - INFO - Thermocouple DAQ started.
2025-11-27 18:46:47,563 - INFO - Selected channels: [0, 1, 2, 3]
2025-11-27 18:48:04,766 - INFO - Logger initialized.
2025-11-27 18:48:04,772 - INFO - Thermocouple DAQ started.
2025-11-27 18:48:04,773 - INFO - Selected channels: [0, 1, 2, 3]
2025-11-27 18:56:36,428 - INFO - Logger initialized.
2025-11-27 18:56:36,434 - INFO - Thermocouple DAQ started.
2025-11-27 18:56:36,434 - INFO - Selected channels: [0, 1, 2, 3]
2025-11-29 15:32:49,150 - INFO - Logger initialized.
2025-11-29 15:32:49,156 - INFO - Thermocouple DAQ started.
2025-11-29 15:32:49,156 - INFO - Selected channels: [0, 1, 2, 3]
2025-11-29 15:35:34,950 - INFO - Logger initialized.
2025-11-29 15:35:34,956 - INFO - Thermocouple DAQ started.
2025-11-29 15:35:34,956 - INFO - Selected channels: [0, 1, 2, 3]
2025-11-29 15:37:50,659 - INFO - Logger initialized.
2025-11-29 15:37:50,665 - INFO - Thermocouple DAQ started.
2025-11-29 15:37:50,665 - INFO - Selected channels: [0, 1, 2, 3]
2025-11-29 15:43:41,116 - INFO - Logger initialized.
2025-11-29 15:43:41,121 - INFO - Thermocouple DAQ started.
2025-11-29 15:43:41,122 - INFO - Selected channels: [0, 1, 2, 3]
2025-11-29 15:44:25,896 - INFO - Logger initialized.
2025-11-29 15:44:25,902 - INFO - Thermocouple DAQ started.
2025-11-29 15:44:25,902 - INFO - Selected channels: [0, 1, 2, 3]
2025-11-29 15:50:08,605 - INFO - Logger initialized.
2025-11-29 15:50:08,611 - INFO - Thermocouple DAQ started.
2025-11-29 15:50:08,611 - INFO - Selected channels: [0, 1, 2, 3]
2025-11-29 15:52:09,432 - INFO - Logger initialized.
2025-11-29 15:52:09,438 - INFO - Thermocouple DAQ started.
2025-11-29 15:52:09,438 - INFO - Selected channels: [0, 1, 2, 3]
2025-11-29 19:24:38,374 - INFO - Logger initialized.
2025-11-29 19:24:38,380 - INFO - Thermocouple DAQ started.
2025-11-29 19:24:38,380 - INFO - Selected channels: [0, 1, 2, 3]
2025-11-29 19:26:50,563 - INFO - Logger initialized.
2025-11-29 19:26:50,569 - INFO - Thermocouple DAQ started.
2025-11-29 19:26:50,570 - INFO - Selected channels: [0, 1, 2, 3]
2025-11-29 19:29:41,808 - INFO - Logger initialized.
2025-11-29 19:29:41,814 - INFO - Thermocouple DAQ started.
2025-11-29 19:29:41,814 - INFO - Selected channels: [0, 1, 2, 3]
2025-11-29 19:31:31,590 - INFO - Logger initialized.
2025-11-29 19:31:31,596 - INFO - Thermocouple DAQ started.
2025-11-29 19:31:31,596 - INFO - Selected channels: [0, 1, 2, 3]
2025-11-30 12:59:55,272 - INFO - Logger initialized.
2025-11-30 12:59:55,278 - INFO - Thermocouple DAQ started.
2025-11-30 12:59:55,278 - INFO - Selected channels: [0, 1, 2, 3]
2025-11-30 13:03:03,915 - INFO - Logger initialized.
2025-11-30 13:03:03,921 - INFO - Thermocouple DAQ started.
2025-11-30 13:03:03,921 - INFO - Selected channels: [0, 1, 2, 3]
2025-11-30 13:34:03,546 - INFO - Logger initialized.
2025-11-30 13:34:03,552 - INFO - Thermocouple DAQ started.
2025-11-30 13:34:03,553 - INFO - Selected channels: [0, 1, 2, 3]
2025-11-30 13:41:41,527 - INFO - Logger initialized.
2025-11-30 13:41:41,532 - INFO - Thermocouple DAQ started.
2025-11-30 13:41:41,533 - INFO - Selected channels: [0, 1, 2, 3]
2025-11-30 16:18:51,639 - INFO - Logger initialized.
2025-11-30 16:18:51,644 - INFO - Thermocouple DAQ started.
2025-11-30 16:18:51,645 - INFO - Selected channels: [0, 1, 2, 3]
2025-11-30 16:22:24,436 - INFO - Logger initialized.
2025-11-30 16:22:24,441 - INFO - Thermocouple DAQ started.
2025-11-30 16:22:24,442 - INFO - Selected channels: [0, 1, 2, 3]
2025-11-30 17:27:00,139 - INFO - Logger initialized.
2025-11-30 17:27:00,145 - INFO - Thermocouple DAQ started.
2025-11-30 17:27:00,146 - INFO - Selected channels: [0, 1, 2, 3]
2025-12-01 17:36:41,115 - INFO - Logger initialized.
2025-12-01 17:36:41,121 - INFO - Thermocouple DAQ started.
2025-12-01 17:36:41,121 - INFO - Selected channels: [0, 1, 2, 3]
2025-12-01 18:58:34,685 - INFO - Logger initialized.
2025-12-01 18:58:34,691 - INFO - Thermocouple DAQ started.
2025-12-01 18:58:34,691 - INFO - Selected channels: [0, 1, 2, 3]
2025-12-01 19:14:34,865 - INFO - Logger initialized.
2025-12-01 19:14:34,871 - INFO - Thermocouple DAQ started.
2025-12-01 19:14:34,872 - INFO - Selected channels: [0, 1, 2, 3]
2025-12-05 16:49:09,349 - INFO - Logger initialized.
2025-12-05 16:49:09,364 - INFO - Thermocouple DAQ started.
2025-12-05 16:49:09,364 - INFO - Selected channels: [0, 1, 2, 3]
2025-12-05 17:09:06,975 - INFO - Logger initialized.
2025-12-05 17:09:06,981 - INFO - Thermocouple DAQ started.
2025-12-05 17:09:06,981 - INFO - Selected channels: [0, 1, 2, 3]
2025-12-05 17:11:31,111 - INFO - Logger initialized.
2025-12-05 17:11:31,117 - INFO - Thermocouple DAQ started.
2025-12-05 17:11:31,117 - INFO - Selected channels: [0, 1, 2, 3]
2025-12-05 17:13:18,661 - INFO - Logger initialized.
2025-12-05 17:13:18,667 - INFO - Thermocouple DAQ started.
2025-12-05 17:13:18,668 - INFO - Selected channels: [0, 1, 2, 3]
2025-12-05 17:14:24,879 - INFO - Logger initialized.
2025-12-05 17:14:24,885 - INFO - Thermocouple DAQ started.
2025-12-05 17:14:24,885 - INFO - Selected channels: [0, 1, 2, 3]
2025-12-05 17:16:34,629 - INFO - Logger initialized.
2025-12-05 17:16:34,635 - INFO - Thermocouple DAQ started.
2025-12-05 17:16:34,636 - INFO - Selected channels: [0, 1, 2, 3]
2025-12-05 17:17:58,688 - INFO - Logger initialized.
2025-12-05 17:17:58,693 - INFO - Thermocouple DAQ started.
2025-12-05 17:17:58,694 - INFO - Selected channels: [0, 1, 2, 3]
2025-12-05 17:20:25,140 - INFO - Logger initialized.
2025-12-05 17:20:25,146 - INFO - Thermocouple DAQ started.
2025-12-05 17:20:25,147 - INFO - Selected channels: [0, 1, 2, 3]
2025-12-05 17:23:13,984 - INFO - Logger initialized.
2025-12-05 17:23:13,990 - INFO - Thermocouple DAQ started.
2025-12-05 17:23:13,990 - INFO - Selected channels: [0, 1, 2, 3]
2025-12-05 17:24:03,976 - INFO - Logger initialized.
2025-12-05 17:24:03,982 - INFO - Thermocouple DAQ started.
2025-12-05 17:24:03,983 - INFO - Selected channels: [0, 1, 2, 3]
2025-12-05 17:25:48,431 - INFO - Logger initialized.
2025-12-05 17:25:48,437 - INFO - Thermocouple DAQ started.
2025-12-05 17:25:48,437 - INFO - Selected channels: [0, 1, 2, 3]
2025-12-05 17:28:59,958 - INFO - Logger initialized.
2025-12-05 17:28:59,964 - INFO - Thermocouple DAQ started.
2025-12-05 17:28:59,964 - INFO - Selected channels: [0, 1, 2, 3]
2025-12-05 17:32:45,861 - INFO - Logger initialized.
2025-12-05 17:32:45,867 - INFO - Thermocouple DAQ started.
2025-12-05 17:32:45,867 - INFO - Selected channels: [0, 1, 2, 3]
2025-12-05 17:34:19,531 - INFO - Logger initialized.
2025-12-05 17:34:19,537 - INFO - Thermocouple DAQ started.
2025-12-05 17:34:19,537 - INFO - Selected channels: [0, 1, 2, 3]
2025-12-05 17:35:56,605 - INFO - Logger initialized.
2025-12-05 17:35:56,611 - INFO - Thermocouple DAQ started.
2025-12-05 17:35:56,611 - INFO - Selected channels: [0, 1, 2, 3]
2025-12-05 17:44:42,798 - INFO - Logger initialized.
2025-12-05 17:44:42,804 - INFO - Thermocouple DAQ started.
2025-12-05 17:44:42,804 - INFO - Selected channels: [0, 1, 2, 3]
2025-12-05 18:25:57,842 - INFO - Logger initialized.
2025-12-05 18:25:57,847 - INFO - Thermocouple DAQ started.
2025-12-05 18:25:57,848 - INFO - Selected channels: [0, 1, 2, 3]
2025-12-05 18:27:18,485 - INFO - Logger initialized.
2025-12-05 18:27:18,491 - INFO - Thermocouple DAQ started.
2025-12-05 18:27:18,491 - INFO - Selected channels: [0, 1, 2, 3]
2025-12-05 18:30:39,749 - INFO - Logger initialized.
2025-12-05 18:30:39,755 - INFO - Thermocouple DAQ started.
2025-12-05 18:30:39,756 - INFO - Selected channels: [0, 1, 2, 3]
2025-12-05 18:31:27,369 - INFO - Logger initialized.
2025-12-05 18:31:27,375 - INFO - Thermocouple DAQ started.
2025-12-05 18:31:27,376 - INFO - Selected channels: [0, 1, 2, 3]
2025-12-05 18:31:49,101 - INFO - Logger initialized.
2025-12-05 18:31:49,107 - INFO - Thermocouple DAQ started.
2025-12-05 18:31:49,107 - INFO - Selected channels: [0, 1, 2, 3]
2025-12-05 18:33:58,946 - INFO - Logger initialized.
2025-12-05 18:33:58,952 - INFO - Thermocouple DAQ started.
2025-12-05 18:33:58,952 - INFO - Selected channels: [0, 1, 2, 3]
2025-12-05 18:35:13,333 - INFO - Logger initialized.
2025-12-05 18:35:13,338 - INFO - Thermocouple DAQ started.
2025-12-05 18:35:13,339 - INFO - Selected channels: [0, 1, 2, 3]
2025-12-05 18:41:44,898 - INFO - Logger initialized.
2025-12-05 18:41:44,904 - INFO - Thermocouple DAQ started.
2025-12-05 18:41:44,904 - INFO - Selected channels: [0, 1, 2, 3]
2025-12-05 18:46:12,952 - INFO - Logger initialized.
2025-12-05 18:46:12,958 - INFO - Thermocouple DAQ started.
2025-12-05 18:46:12,958 - INFO - Selected channels: [0, 1, 2, 3]
2025-12-05 19:12:00,725 - INFO - Logger initialized.
2025-12-05 19:12:00,730 - INFO - Thermocouple DAQ started.
2025-12-05 19:12:00,731 - INFO - Selected channels: [0, 1, 2, 3]
2025-12-05 19:15:18,503 - INFO - Logger initialized.
2025-12-05 19:15:18,509 - INFO - Thermocouple DAQ started.
2025-12-05 19:15:18,510 - INFO - Selected channels: [0, 1, 2, 3]
2025-12-05 19:18:18,859 - INFO - Logger initialized.
2025-12-05 19:18:18,865 - INFO - Thermocouple DAQ started.
2025-12-05 19:18:18,865 - INFO - Selected channels: [0, 1, 2, 3]
2025-12-05 19:20:49,780 - INFO - Logger initialized.
2025-12-05 19:20:49,786 - INFO - Thermocouple DAQ started.
2025-12-05 19:20:49,786 - INFO - Selected channels: [0, 1, 2, 3]
2025-12-05 19:29:33,308 - INFO - Logger initialized.
2025-12-05 19:29:33,314 - INFO - Thermocouple DAQ started.
2025-12-05 19:29:33,314 - INFO - Selected channels: [0, 1, 2, 3]
2025-12-05 19:30:07,972 - INFO - Logger initialized.
2025-12-05 19:30:07,978 - INFO - Thermocouple DAQ started.
2025-12-05 19:30:07,978 - INFO - Selected channels: [0, 1, 2, 3]
2025-12-05 19:35:02,755 - INFO - Logger initialized.
2025-12-05 19:35:02,760 - INFO - Thermocouple DAQ started.
2025-12-05 19:35:02,761 - INFO - Selected channels: [0, 1, 2, 3]
2025-12-05 19:37:44,643 - INFO - Logger initialized.
2025-12-05 19:37:44,649 - INFO - Thermocouple DAQ started.
2025-12-05 19:37:44,649 - INFO - Selected channels: [0, 1, 2, 3]
2025-12-05 19:41:49,829 - INFO - Logger initialized.
2025-12-05 19:41:49,835 - INFO - Thermocouple DAQ started.
2025-12-05 19:41:49,835 - INFO - Selected channels: [0, 1, 2, 3]
2025-12-05 19:44:04,208 - INFO - Logger initialized.
2025-12-05 19:44:04,214 - INFO - Thermocouple DAQ started.
2025-12-05 19:44:04,214 - INFO - Selected channels: [0, 1, 2, 3]
2025-12-05 19:44:58,811 - INFO - Logger initialized.
2025-12-05 19:44:58,817 - INFO - Thermocouple DAQ started.
2025-12-05 19:44:58,817 - INFO - Selected channels: [0, 1, 2, 3]
2025-12-05 19:50:54,927 - INFO - Logger initialized.
2025-12-05 19:50:54,933 - INFO - Thermocouple DAQ started.
2025-12-05 19:50:54,933 - INFO - Selected channels: [0, 1, 2, 3]
2025-12-05 20:01:04,295 - INFO - Logger initialized.
2025-12-05 20:01:04,301 - INFO - Thermocouple DAQ started.
2025-12-05 20:01:04,301 - INFO - Selected channels: [0, 1, 2, 3]
2025-12-05 20:02:13,695 - INFO - Logger initialized.
2025-12-05 20:02:13,700 - INFO - Thermocouple DAQ started.
2025-12-05 20:02:13,701 - INFO - Selected channels: [0, 1, 2, 3]
2025-12-05 20:03:07,002 - INFO - Logger initialized.
2025-12-05 20:03:07,008 - INFO - Thermocouple DAQ started.
2025-12-05 20:03:07,009 - INFO - Selected channels: [0, 1, 2, 3]
2025-12-05 20:08:16,704 - INFO - Logger initialized.
2025-12-05 20:08:16,710 - INFO - Thermocouple DAQ started.
2025-12-05 20:08:16,710 - INFO - Selected channels: [0, 1, 2, 3]
2025-12-06 16:27:39,512 - INFO - Logger initialized.
2025-12-06 16:27:39,529 - INFO - Thermocouple DAQ started.
2025-12-06 16:27:39,529 - INFO - Selected channels: [0, 1, 2, 3]
2025-12-06 16:45:56,398 - INFO - Logger initialized.
2025-12-06 16:45:56,404 - INFO - Thermocouple DAQ started.
2025-12-06 16:45:56,404 - INFO - Selected channels: [0, 1, 2, 3]
2025-12-06 16:55:26,659 - INFO - Logger initialized.
2025-12-06 16:55:26,665 - INFO - Thermocouple DAQ started.
2025-12-06 16:55:26,665 - INFO - Selected channels: [0, 1, 2, 3]
2025-12-06 16:57:02,802 - INFO - Logger initialized.
2025-12-06 16:57:02,808 - INFO - Thermocouple DAQ started.
2025-12-06 16:57:02,808 - INFO - Selected channels: [0, 1, 2, 3]
2025-12-06 17:08:10,861 - INFO - Logger initialized.
2025-12-06 17:08:10,867 - INFO - Thermocouple DAQ started.
2025-12-06 17:08:10,867 - INFO - Selected channels: [0, 1, 2, 3]
2025-12-06 17:14:57,021 - INFO - Logger initialized.
2025-12-06 17:14:57,027 - INFO - Thermocouple DAQ started.
2025-12-06 17:14:57,027 - INFO - Selected channels: [0, 1, 2, 3]
2025-12-06 17:16:02,814 - INFO - Logger initialized.
2025-12-06 17:16:02,820 - INFO - Thermocouple DAQ started.
2025-12-06 17:16:02,820 - INFO - Selected channels: [0, 1, 2, 3]
2025-12-06 17:18:57,131 - INFO - Logger initialized.
2025-12-06 17:18:57,137 - INFO - Thermocouple DAQ started.
2025-12-06 17:18:57,137 - INFO - Selected channels: [0, 1, 2, 3]
2025-12-06 17:20:35,088 - INFO - Logger initialized.
2025-12-06 17:20:35,094 - INFO - Thermocouple DAQ started.
2025-12-06 17:20:35,094 - INFO - Selected channels: [0, 1, 2, 3]
2025-12-06 17:25:55,937 - INFO - Logger initialized.
2025-12-06 17:25:55,942 - INFO - Thermocouple DAQ started.
2025-12-06 17:25:55,943 - INFO - Selected channels: [0, 1, 2, 3]
2025-12-06 17:26:59,855 - INFO - Logger initialized.
2025-12-06 17:26:59,860 - INFO - Thermocouple DAQ started.
2025-12-06 17:26:59,861 - INFO - Selected channels: [0, 1, 2, 3]
2025-12-06 17:45:11,613 - INFO - Logger initialized.
2025-12-06 17:45:11,619 - INFO - Thermocouple DAQ started.
2025-12-06 17:45:11,619 - INFO - Selected channels: [0, 1, 2, 3]
2025-12-06 17:46:52,779 - INFO - Logger initialized.
2025-12-06 17:46:52,785 - INFO - Thermocouple DAQ started.
2025-12-06 17:46:52,785 - INFO - Selected channels: [0, 1, 2, 3]
2025-12-06 18:08:17,502 - INFO - Logger initialized.
2025-12-06 18:08:17,508 - INFO - Thermocouple DAQ started.
2025-12-06 18:08:17,508 - INFO - Selected channels: [0, 1, 2, 3]
2025-12-06 18:13:04,757 - INFO - Logger initialized.
2025-12-06 18:13:04,763 - INFO - Thermocouple DAQ started.
2025-12-06 18:13:04,763 - INFO - Selected channels: [0, 1, 2, 3]
2025-12-06 18:25:30,216 - INFO - Logger initialized.
2025-12-06 18:25:30,222 - INFO - Thermocouple DAQ started.
2025-12-06 18:25:30,222 - INFO - Selected channels: [0, 1, 2, 3]
2025-12-06 20:35:24,056 - INFO - Logger initialized.
2025-12-06 20:35:24,062 - INFO - Thermocouple DAQ started.
2025-12-06 20:35:24,062 - INFO - Selected channels: [0, 1, 2, 3]
2025-12-07 10:38:57,267 - INFO - Logger initialized.
2025-12-07 10:38:57,272 - INFO - Thermocouple DAQ started.
2025-12-07 10:38:57,273 - INFO - Selected channels: [0, 1, 2, 3]
2025-12-07 10:49:46,506 - INFO - Logger initialized.
2025-12-07 10:49:46,512 - INFO - Thermocouple DAQ started.
2025-12-07 10:49:46,512 - INFO - Selected channels: [0, 1, 2, 3]
2025-12-07 10:54:09,561 - INFO - Logger initialized.
2025-12-07 10:54:09,567 - INFO - Thermocouple DAQ started.
2025-12-07 10:54:09,567 - INFO - Selected channels: [0, 1, 2, 3]
2025-12-07 11:11:50,198 - INFO - Logger initialized.
2025-12-07 11:11:50,204 - INFO - Thermocouple DAQ started.
2025-12-07 11:11:50,205 - INFO - Selected channels: [0, 1, 2, 3]
2025-12-07 13:19:38,244 - INFO - Logger initialized.
2025-12-07 13:19:38,250 - INFO - Thermocouple DAQ started.
2025-12-07 13:19:38,250 - INFO - Selected channels: [0, 1, 2, 3]
2025-12-07 13:29:01,340 - INFO - Logger initialized.
2025-12-07 13:29:01,345 - INFO - Thermocouple DAQ started.
2025-12-07 13:29:01,346 - INFO - Selected channels: [0, 1, 2, 3]
2025-12-07 18:01:42,388 - INFO - Logger initialized.
2025-12-07 18:01:42,394 - INFO - Thermocouple DAQ started.
2025-12-07 18:01:42,394 - INFO - Selected channels: [0, 1, 2, 3]
2025-12-07 18:02:32,967 - INFO - Logger initialized.
2025-12-07 18:02:32,973 - INFO - Thermocouple DAQ started.
2025-12-07 18:02:32,973 - INFO - Selected channels: [0, 1, 2, 3]
2025-12-07 18:04:10,890 - INFO - Logger initialized.
2025-12-07 18:04:10,896 - INFO - Thermocouple DAQ started.
2025-12-07 18:04:10,896 - INFO - Selected channels: [0, 1, 2, 3]
2025-12-07 18:10:51,753 - INFO - Logger initialized.
2025-12-07 18:10:51,758 - INFO - Thermocouple DAQ started.
2025-12-07 18:10:51,759 - INFO - Selected channels: [0, 1, 2, 3]
2025-12-07 18:11:42,740 - INFO - Logger initialized.
2025-12-07 18:11:42,745 - INFO - Thermocouple DAQ started.
2025-12-07 18:11:42,746 - INFO - Selected channels: [0, 1, 2, 3]
2025-12-07 18:19:31,435 - INFO - Logger initialized.
2025-12-07 18:19:31,441 - INFO - Thermocouple DAQ started.
2025-12-07 18:19:31,441 - INFO - Selected channels: [0, 1, 2, 3]
2025-12-07 18:28:18,117 - INFO - Logger initialized.
2025-12-07 18:28:18,122 - INFO - Thermocouple DAQ started.
2025-12-07 18:28:18,123 - INFO - Selected channels: [0, 1, 2, 3]
2025-12-07 18:29:40,808 - INFO - Logger initialized.
2025-12-07 18:29:40,814 - INFO - Thermocouple DAQ started.
2025-12-07 18:29:40,814 - INFO - Selected channels: [0, 1, 2, 3]
2025-12-07 18:48:15,252 - INFO - Logger initialized.
2025-12-07 18:48:15,258 - INFO - Thermocouple DAQ started.
2025-12-07 18:48:15,258 - INFO - Selected channels: [0, 1, 2, 3]
2025-12-07 19:08:52,933 - INFO - Logger initialized.
2025-12-07 19:08:52,938 - INFO - Thermocouple DAQ started.
2025-12-07 19:08:52,939 - INFO - Selected channels: [0, 1, 2, 3]
2025-12-07 19:34:56,729 - INFO - Logger initialized.
2025-12-07 19:34:56,735 - INFO - Thermocouple DAQ started.
2025-12-07 19:34:56,735 - INFO - Selected channels: [0, 1, 2, 3]
2025-12-07 19:49:48,772 - INFO - Logger initialized.
2025-12-07 19:49:48,778 - INFO - Thermocouple DAQ started.
2025-12-07 19:49:48,778 - INFO - Selected channels: [0, 1, 2, 3]
2025-12-07 19:50:45,837 - INFO - Logger initialized.
2025-12-07 19:50:45,843 - INFO - Thermocouple DAQ started.
2025-12-07 19:50:45,843 - INFO - Selected channels: [0, 1, 2, 3]
2025-12-07 19:52:18,907 - INFO - Logger initialized.
2025-12-07 19:52:18,913 - INFO - Thermocouple DAQ started.
2025-12-07 19:52:18,913 - INFO - Selected channels: [0, 1, 2, 3]
2025-12-07 19:53:25,323 - INFO - Logger initialized.
2025-12-07 19:53:25,328 - INFO - Thermocouple DAQ started.
2025-12-07 19:53:25,329 - INFO - Selected channels: [0, 1, 2, 3]
2025-12-07 19:54:30,184 - INFO - Logger initialized.
2025-12-07 19:54:30,190 - INFO - Thermocouple DAQ started.
2025-12-07 19:54:30,191 - INFO - Selected channels: [0, 1, 2, 3]
2025-12-07 19:55:35,414 - INFO - Logger initialized.
2025-12-07 19:55:35,419 - INFO - Thermocouple DAQ started.
2025-12-07 19:55:35,420 - INFO - Selected channels: [0, 1, 2, 3]
2025-12-07 19:56:50,568 - INFO - Logger initialized.
2025-12-07 19:56:50,574 - INFO - Thermocouple DAQ started.
2025-12-07 19:56:50,574 - INFO - Selected channels: [0, 1, 2, 3]
2025-12-07 19:59:12,542 - INFO - Logger initialized.
2025-12-07 19:59:12,547 - INFO - Thermocouple DAQ started.
2025-12-07 19:59:12,548 - INFO - Selected channels: [0, 1, 2, 3]
2025-12-07 20:00:59,967 - INFO - Logger initialized.
2025-12-07 20:00:59,973 - INFO - Thermocouple DAQ started.
2025-12-07 20:00:59,973 - INFO - Selected channels: [0, 1, 2, 3]
2025-12-07 20:07:41,392 - INFO - Logger initialized.
2025-12-07 20:07:41,398 - INFO - Thermocouple DAQ started.
2025-12-07 20:07:41,398 - INFO - Selected channels: [0, 1, 2, 3]
2025-12-07 20:17:31,334 - INFO - Logger initialized.
2025-12-07 20:17:31,340 - INFO - Thermocouple DAQ started.
2025-12-07 20:17:31,340 - INFO - Selected channels: [0, 1, 2, 3]
2025-12-07 20:23:34,558 - INFO - Logger initialized.
2025-12-07 20:23:34,564 - INFO - Thermocouple DAQ started.
2025-12-07 20:23:34,565 - INFO - Selected channels: [0, 1, 2, 3]
2025-12-07 20:30:38,165 - INFO - Logger initialized.
2025-12-07 20:30:38,171 - INFO - Thermocouple DAQ started.
2025-12-07 20:30:38,172 - INFO - Selected channels: [0, 1, 2, 3]
2025-12-07 20:53:34,936 - INFO - Logger initialized.
2025-12-07 20:53:34,942 - INFO - Thermocouple DAQ started.
2025-12-07 20:53:34,942 - INFO - Selected channels: [0, 1, 2, 3]
2025-12-07 21:19:07,415 - INFO - Logger initialized.
2025-12-07 21:19:07,421 - INFO - Thermocouple DAQ started.
2025-12-07 21:19:07,422 - INFO - Selected channels: [0, 1, 2, 3]
2025-12-07 21:35:39,715 - INFO - Logger initialized.
2025-12-07 21:35:39,721 - INFO - Thermocouple DAQ started.
2025-12-07 21:35:39,721 - INFO - Selected channels: [0, 1, 2, 3]
2025-12-08 12:16:03,482 - INFO - Logger initialized.
2025-12-08 12:16:03,488 - INFO - Thermocouple DAQ started.
2025-12-08 12:16:03,489 - INFO - Selected channels: [0, 1, 2, 3]
2025-12-08 12:17:40,892 - INFO - Logger initialized.
2025-12-08 12:17:40,897 - INFO - Thermocouple DAQ started.
2025-12-08 12:17:40,898 - INFO - Selected channels: [0, 1, 2, 3]
2025-12-08 12:23:20,044 - INFO - Logger initialized.
2025-12-08 12:23:20,050 - INFO - Thermocouple DAQ started.
2025-12-08 12:23:20,050 - INFO - Selected channels: [0, 1, 2, 3]
2025-12-08 12:39:00,353 - INFO - Logger initialized.
2025-12-08 12:39:00,359 - INFO - Thermocouple DAQ started.
2025-12-08 12:39:00,360 - INFO - Selected channels: [0, 1, 2, 3]
2025-12-08 12:54:27,965 - INFO - Logger initialized.
2025-12-08 12:54:27,971 - INFO - Thermocouple DAQ started.
2025-12-08 12:54:27,971 - INFO - Selected channels: [0, 1, 2, 3]
2025-12-08 14:23:03,593 - INFO - Logger initialized.
2025-12-08 14:23:03,598 - INFO - Thermocouple DAQ started.
2025-12-08 14:23:03,599 - INFO - Selected channels: [0, 1, 2, 3]
2025-12-08 14:59:19,473 - INFO - Logger initialized.
2025-12-08 14:59:19,479 - INFO - Thermocouple DAQ started.
2025-12-08 14:59:19,479 - INFO - Selected channels: [0, 1, 2, 3]
2025-12-08 15:44:25,195 - INFO - Logger initialized.
2025-12-08 15:44:25,201 - INFO - Thermocouple DAQ started.
2025-12-08 15:44:25,201 - INFO - Selected channels: [0, 1, 2, 3]
2025-12-08 17:09:33,893 - INFO - Logger initialized.
2025-12-08 17:09:33,899 - INFO - Thermocouple DAQ started.
2025-12-08 17:09:33,899 - INFO - Selected channels: [0, 1, 2, 3]
2025-12-08 17:12:12,609 - INFO - Logger initialized.
2025-12-08 17:12:12,615 - INFO - Thermocouple DAQ started.
2025-12-08 17:12:12,615 - INFO - Selected channels: [0, 1, 2, 3]
2025-12-08 17:15:23,021 - INFO - Logger initialized.
2025-12-08 17:15:23,027 - INFO - Thermocouple DAQ started.
2025-12-08 17:15:23,028 - INFO - Selected channels: [0, 1, 2, 3]
2025-12-08 17:20:15,485 - INFO - Logger initialized.
2025-12-08 17:20:15,491 - INFO - Thermocouple DAQ started.
2025-12-08 17:20:15,491 - INFO - Selected channels: [0, 1, 2, 3]
2025-12-08 17:45:42,518 - INFO - Logger initialized.
2025-12-08 17:45:42,524 - INFO - Thermocouple DAQ started.
2025-12-08 17:45:42,524 - INFO - Selected channels: [0, 1, 2, 3]
2025-12-08 19:37:05,292 - INFO - Logger initialized.
2025-12-08 19:37:05,301 - INFO - Thermocouple DAQ started.
2025-12-08 19:37:05,301 - INFO - Selected channels: [0, 1, 2, 3]
2025-12-08 21:23:49,945 - INFO - Logger initialized.
2025-12-08 21:23:49,950 - INFO - Thermocouple DAQ started.
2025-12-08 21:23:49,951 - INFO - Selected channels: [0, 1, 2, 3]
2025-12-11 16:29:13,859 - INFO - Logger initialized.
2025-12-11 16:29:13,864 - INFO - Thermocouple DAQ started.
2025-12-11 16:29:13,865 - INFO - Selected channels: [0, 1, 2, 3]
2025-12-11 16:30:07,903 - INFO - Logger initialized.
2025-12-11 16:30:07,909 - INFO - Thermocouple DAQ started.
2025-12-11 16:30:07,909 - INFO - Selected channels: [0, 1, 2, 3]
2025-12-11 16:31:10,165 - INFO - Logger initialized.
2025-12-11 16:31:10,171 - INFO - Thermocouple DAQ started.
2025-12-11 16:31:10,171 - INFO - Selected channels: [0, 1, 2, 3]
2025-12-11 16:32:32,318 - INFO - Logger initialized.
2025-12-11 16:32:32,324 - INFO - Thermocouple DAQ started.
2025-12-11 16:32:32,325 - INFO - Selected channels: [0, 1, 2, 3]
2025-12-11 16:33:30,061 - INFO - Logger initialized.
2025-12-11 16:33:30,067 - INFO - Thermocouple DAQ started.
2025-12-11 16:33:30,067 - INFO - Selected channels: [0, 1, 2, 3]
2025-12-11 18:43:58,880 - INFO - Logger initialized.
2025-12-11 18:43:58,886 - INFO - Thermocouple DAQ started.
2025-12-11 18:43:58,886 - INFO - Selected channels: [0, 1, 2, 3]
2025-12-11 19:00:11,738 - INFO - Logger initialized.
2025-12-11 19:00:11,744 - INFO - Thermocouple DAQ started.
2025-12-11 19:00:11,745 - INFO - Selected channels: [0, 1, 2, 3]
2025-12-11 19:02:11,883 - INFO - Logger initialized.
2025-12-11 19:02:11,889 - INFO - Thermocouple DAQ started.
2025-12-11 19:02:11,889 - INFO - Selected channels: [0, 1, 2, 3]
2025-12-11 19:02:47,393 - INFO - Logger initialized.
2025-12-11 19:02:47,398 - INFO - Thermocouple DAQ started.
2025-12-11 19:02:47,399 - INFO - Selected channels: [0, 1, 2, 3]
2025-12-11 19:26:24,176 - INFO - Logger initialized.
2025-12-11 19:26:24,182 - INFO - Thermocouple DAQ started.
2025-12-11 19:26:24,182 - INFO - Selected channels: [0, 1, 2, 3]
2025-12-11 19:27:15,072 - INFO - Logger initialized.
2025-12-11 19:27:15,078 - INFO - Thermocouple DAQ started.
2025-12-11 19:27:15,079 - INFO - Selected channels: [0, 1, 2, 3]
2025-12-11 19:33:02,478 - INFO - Logger initialized.
2025-12-11 19:33:02,484 - INFO - Thermocouple DAQ started.
2025-12-11 19:33:02,484 - INFO - Selected channels: [0, 1, 2, 3]
2025-12-11 20:11:41,340 - INFO - Logger initialized.
2025-12-11 20:11:41,345 - INFO - Thermocouple DAQ started.
2025-12-11 20:11:41,346 - INFO - Selected channels: [0, 1, 2, 3]
2025-12-11 21:11:57,609 - INFO - Logger initialized.
2025-12-11 21:11:57,615 - INFO - Thermocouple DAQ started.
2025-12-11 21:11:57,615 - INFO - Selected channels: [0, 1, 2, 3]
2025-12-12 10:43:22,088 - INFO - Logger initialized.
2025-12-12 10:43:22,094 - INFO - Thermocouple DAQ started.
2025-12-12 10:43:22,094 - INFO - Selected channels: [0, 1, 2, 3]
2025-12-12 11:50:55,481 - INFO - Logger initialized.
2025-12-12 11:50:55,487 - INFO - Thermocouple DAQ started.
2025-12-12 11:50:55,488 - INFO - Selected channels: [0, 1, 2, 3]
2025-12-12 11:52:04,529 - INFO - Logger initialized.
2025-12-12 11:52:04,535 - INFO - Thermocouple DAQ started.
2025-12-12 11:52:04,536 - INFO - Selected channels: [0, 1, 2, 3]
2025-12-12 11:52:51,793 - INFO - Logger initialized.
2025-12-12 11:52:51,799 - INFO - Thermocouple DAQ started.
2025-12-12 11:52:51,800 - INFO - Selected channels: [0, 1, 2, 3]
2025-12-12 11:54:38,033 - INFO - Logger initialized.
2025-12-12 11:54:38,038 - INFO - Thermocouple DAQ started.
2025-12-12 11:54:38,039 - INFO - Selected channels: [0, 1, 2, 3]
2025-12-12 12:16:21,972 - INFO - Logger initialized.
2025-12-12 12:16:21,978 - INFO - Thermocouple DAQ started.
2025-12-12 12:16:21,978 - INFO - Selected channels: [0, 1, 2, 3]
2025-12-12 12:24:11,381 - INFO - Logger initialized.
2025-12-12 12:24:11,386 - INFO - Thermocouple DAQ started.
2025-12-12 12:24:11,387 - INFO - Selected channels: [0, 1, 2, 3]
2025-12-12 12:25:09,582 - INFO - Logger initialized.
2025-12-12 12:25:09,587 - INFO - Thermocouple DAQ started.
2025-12-12 12:25:09,588 - INFO - Selected channels: [0, 1, 2, 3]
2025-12-12 12:26:05,683 - INFO - Logger initialized.
2025-12-12 12:26:05,688 - INFO - Thermocouple DAQ started.
2025-12-12 12:26:05,689 - INFO - Selected channels: [0, 1, 2, 3]
2025-12-12 12:29:54,781 - INFO - Logger initialized.
2025-12-12 12:29:54,787 - INFO - Thermocouple DAQ started.
2025-12-12 12:29:54,787 - INFO - Selected channels: [0, 1, 2, 3]
2025-12-12 13:19:57,090 - INFO - Logger initialized.
2025-12-12 13:19:57,095 - INFO - Thermocouple DAQ started.
2025-12-12 13:19:57,096 - INFO - Selected channels: [0, 1, 2, 3]
2025-12-12 13:20:51,428 - INFO - Logger initialized.
2025-12-12 13:20:51,434 - INFO - Thermocouple DAQ started.
2025-12-12 13:20:51,434 - INFO - Selected channels: [0, 1, 2, 3]
2025-12-12 13:21:57,313 - INFO - Logger initialized.
2025-12-12 13:21:57,319 - INFO - Thermocouple DAQ started.
2025-12-12 13:21:57,319 - INFO - Selected channels: [0, 1, 2, 3]
2025-12-12 13:26:33,192 - INFO - Logger initialized.
2025-12-12 13:26:33,198 - INFO - Thermocouple DAQ started.
2025-12-12 13:26:33,198 - INFO - Selected channels: [0, 1, 2, 3]
2025-12-12 13:27:27,734 - INFO - Logger initialized.
2025-12-12 13:27:27,740 - INFO - Thermocouple DAQ started.
2025-12-12 13:27:27,741 - INFO - Selected channels: [0, 1, 2, 3]
2025-12-12 13:31:02,302 - INFO - Logger initialized.
2025-12-12 13:31:02,308 - INFO - Thermocouple DAQ started.
2025-12-12 13:31:02,308 - INFO - Selected channels: [0, 1, 2, 3]
2025-12-12 13:31:24,670 - INFO - Logger initialized.
2025-12-12 13:31:24,676 - INFO - Thermocouple DAQ started.
2025-12-12 13:31:24,677 - INFO - Selected channels: [0, 1, 2, 3]
2025-12-12 13:34:13,858 - INFO - Logger initialized.
2025-12-12 13:34:13,864 - INFO - Thermocouple DAQ started.
2025-12-12 13:34:13,864 - INFO - Selected channels: [0, 1, 2, 3]
2025-12-12 13:35:46,307 - INFO - Logger initialized.
2025-12-12 13:35:46,313 - INFO - Thermocouple DAQ started.
2025-12-12 13:35:46,313 - INFO - Selected channels: [0, 1, 2, 3]
2025-12-12 13:37:25,660 - INFO - Logger initialized.
2025-12-12 13:37:25,666 - INFO - Thermocouple DAQ started.
2025-12-12 13:37:25,666 - INFO - Selected channels: [0, 1, 2, 3]
2025-12-12 13:39:30,903 - INFO - Logger initialized.
2025-12-12 13:39:30,909 - INFO - Thermocouple DAQ started.
2025-12-12 13:39:30,910 - INFO - Selected channels: [0, 1, 2, 3]
2025-12-12 13:42:01,743 - INFO - Logger initialized.
2025-12-12 13:42:01,749 - INFO - Thermocouple DAQ started.
2025-12-12 13:42:01,750 - INFO - Selected channels: [0, 1, 2, 3]
2025-12-12 13:50:35,146 - INFO - Logger initialized.
2025-12-12 13:50:35,152 - INFO - Thermocouple DAQ started.
2025-12-12 13:50:35,152 - INFO - Selected channels: [0, 1, 2, 3]
2025-12-12 13:53:36,575 - INFO - Logger initialized.
2025-12-12 13:53:36,581 - INFO - Thermocouple DAQ started.
2025-12-12 13:53:36,581 - INFO - Selected channels: [0, 1, 2, 3]
2025-12-12 13:57:08,118 - INFO - Logger initialized.
2025-12-12 13:57:08,124 - INFO - Thermocouple DAQ started.
2025-12-12 13:57:08,124 - INFO - Selected channels: [0, 1, 2, 3]
2025-12-12 14:18:55,190 - INFO - Logger initialized.
2025-12-12 14:18:55,196 - INFO - Thermocouple DAQ started.
2025-12-12 14:18:55,197 - INFO - Selected channels: [0, 1, 2, 3]
2025-12-12 16:12:02,834 - INFO - Logger initialized.
2025-12-12 16:12:02,840 - INFO - Thermocouple DAQ started.
2025-12-12 16:12:02,840 - INFO - Selected channels: [0, 1, 2, 3]
2025-12-12 16:57:32,977 - INFO - Logger initialized.
2025-12-12 16:57:32,982 - INFO - Thermocouple DAQ started.
2025-12-12 16:57:32,983 - INFO - Selected channels: [0, 1, 2, 3]
2025-12-13 11:09:37,997 - INFO - Logger initialized.
2025-12-13 11:09:38,003 - INFO - Thermocouple DAQ started.
2025-12-13 11:09:38,004 - INFO - Selected channels: [0, 1, 2, 3]
2025-12-13 11:12:08,480 - INFO - Logger initialized.
2025-12-13 11:12:08,485 - INFO - Thermocouple DAQ started.
2025-12-13 11:12:08,486 - INFO - Selected channels: [0, 1, 2, 3]
2025-12-13 11:25:02,845 - INFO - Logger initialized.
2025-12-13 11:25:02,851 - INFO - Thermocouple DAQ started.
2025-12-13 11:25:02,852 - INFO - Selected channels: [0, 1, 2, 3]
2025-12-13 12:24:02,508 - INFO - Logger initialized.
2025-12-13 12:24:02,514 - INFO - Thermocouple DAQ started.
2025-12-13 12:24:02,514 - INFO - Selected channels: [0, 1, 2, 3]
2025-12-13 13:24:02,301 - INFO - Logger initialized.
2025-12-13 13:24:02,307 - INFO - Thermocouple DAQ started.
2025-12-13 13:24:02,307 - INFO - Selected channels: [0, 1, 2, 3]
2025-12-13 14:25:54,315 - INFO - Logger initialized.
2025-12-13 14:25:54,321 - INFO - Thermocouple DAQ started.
2025-12-13 14:25:54,322 - INFO - Selected channels: [0, 1, 2, 3]
2025-12-13 15:49:19,451 - INFO - Logger initialized.
2025-12-13 15:49:19,456 - INFO - Thermocouple DAQ started.
2025-12-13 15:49:19,457 - INFO - Selected channels: [0, 1, 2, 3]
2025-12-13 15:53:08,751 - INFO - Logger initialized.
2025-12-13 15:53:08,757 - INFO - Thermocouple DAQ started.
2025-12-13 15:53:08,757 - INFO - Selected channels: [0, 1, 2, 3]
2025-12-13 15:54:38,515 - INFO - Logger initialized.
2025-12-13 15:54:38,521 - INFO - Thermocouple DAQ started.
2025-12-13 15:54:38,521 - INFO - Selected channels: [0, 1, 2, 3]
2025-12-13 15:56:29,303 - INFO - Logger initialized.
2025-12-13 15:56:29,309 - INFO - Thermocouple DAQ started.
2025-12-13 15:56:29,310 - INFO - Selected channels: [0, 1, 2, 3]
2025-12-13 15:57:47,739 - INFO - Logger initialized.
2025-12-13 15:57:47,745 - INFO - Thermocouple DAQ started.
2025-12-13 15:57:47,745 - INFO - Selected channels: [0, 1, 2, 3]
2025-12-13 15:58:47,941 - INFO - Logger initialized.
2025-12-13 15:58:47,946 - INFO - Thermocouple DAQ started.
2025-12-13 15:58:47,947 - INFO - Selected channels: [0, 1, 2, 3]
2025-12-13 16:01:26,666 - INFO - Logger initialized.
2025-12-13 16:01:26,672 - INFO - Thermocouple DAQ started.
2025-12-13 16:01:26,672 - INFO - Selected channels: [0, 1, 2, 3]
2025-12-13 16:05:50,385 - INFO - Logger initialized.
2025-12-13 16:05:50,390 - INFO - Thermocouple DAQ started.
2025-12-13 16:05:50,391 - INFO - Selected channels: [0, 1, 2, 3]
2025-12-13 16:12:43,517 - INFO - Logger initialized.
2025-12-13 16:12:43,523 - INFO - Thermocouple DAQ started.
2025-12-13 16:12:43,523 - INFO - Selected channels: [0, 1, 2, 3]
2025-12-13 16:15:48,648 - INFO - Logger initialized.
2025-12-13 16:15:48,654 - INFO - Thermocouple DAQ started.
2025-12-13 16:15:48,654 - INFO - Selected channels: [0, 1, 2, 3]
2025-12-13 16:18:27,504 - INFO - Logger initialized.
2025-12-13 16:18:27,510 - INFO - Thermocouple DAQ started.
2025-12-13 16:18:27,511 - INFO - Selected channels: [0, 1, 2, 3]
2025-12-13 16:19:39,692 - INFO - Logger initialized.
2025-12-13 16:19:39,698 - INFO - Thermocouple DAQ started.
2025-12-13 16:19:39,699 - INFO - Selected channels: [0, 1, 2, 3]
2025-12-13 16:27:24,369 - INFO - Logger initialized.
2025-12-13 16:27:24,375 - INFO - Thermocouple DAQ started.
2025-12-13 16:27:24,376 - INFO - Selected channels: [0, 1, 2, 3]
2025-12-13 16:27:48,053 - INFO - Logger initialized.
2025-12-13 16:27:48,058 - INFO - Thermocouple DAQ started.
2025-12-13 16:27:48,059 - INFO - Selected channels: [0, 1, 2, 3]
2025-12-13 16:32:22,301 - INFO - Logger initialized.
2025-12-13 16:32:22,307 - INFO - Thermocouple DAQ started.
2025-12-13 16:32:22,307 - INFO - Selected channels: [0, 1, 2, 3]
2025-12-13 16:33:05,079 - INFO - Logger initialized.
2025-12-13 16:33:05,084 - INFO - Thermocouple DAQ started.
2025-12-13 16:33:05,085 - INFO - Selected channels: [0, 1, 2, 3]
2025-12-13 16:39:39,034 - INFO - Logger initialized.
2025-12-13 16:39:39,040 - INFO - Thermocouple DAQ started.
2025-12-13 16:39:39,040 - INFO - Selected channels: [0, 1, 2, 3]
2025-12-13 16:41:15,009 - INFO - Logger initialized.
2025-12-13 16:41:15,015 - INFO - Thermocouple DAQ started.
2025-12-13 16:41:15,015 - INFO - Selected channels: [0, 1, 2, 3]
2025-12-13 16:43:09,466 - INFO - Logger initialized.
2025-12-13 16:43:09,472 - INFO - Thermocouple DAQ started.
2025-12-13 16:43:09,473 - INFO - Selected channels: [0, 1, 2, 3]
2025-12-13 16:44:49,732 - INFO - Logger initialized.
2025-12-13 16:44:49,738 - INFO - Thermocouple DAQ started.
2025-12-13 16:44:49,738 - INFO - Selected channels: [0, 1, 2, 3]
2025-12-13 16:45:48,786 - INFO - Logger initialized.
2025-12-13 16:45:48,792 - INFO - Thermocouple DAQ started.
2025-12-13 16:45:48,792 - INFO - Selected channels: [0, 1, 2, 3]
2025-12-13 16:53:56,061 - INFO - Logger initialized.
2025-12-13 16:53:56,067 - INFO - Thermocouple DAQ started.
2025-12-13 16:53:56,068 - INFO - Selected channels: [0, 1, 2, 3]
2025-12-13 16:56:17,345 - INFO - Logger initialized.
2025-12-13 16:56:17,351 - INFO - Thermocouple DAQ started.
2025-12-13 16:56:17,351 - INFO - Selected channels: [0, 1, 2, 3]
2025-12-13 16:57:44,008 - INFO - Logger initialized.
2025-12-13 16:57:44,014 - INFO - Thermocouple DAQ started.
2025-12-13 16:57:44,014 - INFO - Selected channels: [0, 1, 2, 3]
2025-12-13 16:59:12,479 - INFO - Logger initialized.
2025-12-13 16:59:12,485 - INFO - Thermocouple DAQ started.
2025-12-13 16:59:12,485 - INFO - Selected channels: [0, 1, 2, 3]
2025-12-13 17:09:15,922 - INFO - Logger initialized.
2025-12-13 17:09:15,928 - INFO - Thermocouple DAQ started.
2025-12-13 17:09:15,929 - INFO - Selected channels: [0, 1, 2, 3]
2025-12-13 17:24:16,237 - INFO - Logger initialized.
2025-12-13 17:24:16,243 - INFO - Thermocouple DAQ started.
2025-12-13 17:24:16,243 - INFO - Selected channels: [0, 1, 2, 3]
2025-12-13 17:26:52,602 - INFO - Logger initialized.
2025-12-13 17:26:52,608 - INFO - Thermocouple DAQ started.
2025-12-13 17:26:52,609 - INFO - Selected channels: [0, 1, 2, 3]
2025-12-13 17:29:10,609 - INFO - Logger initialized.
2025-12-13 17:29:10,615 - INFO - Thermocouple DAQ started.
2025-12-13 17:29:10,615 - INFO - Selected channels: [0, 1, 2, 3]
2025-12-13 17:31:49,807 - INFO - Logger initialized.
2025-12-13 17:31:49,813 - INFO - Thermocouple DAQ started.
2025-12-13 17:31:49,813 - INFO - Selected channels: [0, 1, 2, 3]
2025-12-13 17:33:06,974 - INFO - Logger initialized.
2025-12-13 17:33:06,980 - INFO - Thermocouple DAQ started.
2025-12-13 17:33:06,980 - INFO - Selected channels: [0, 1, 2, 3]
2025-12-13 17:34:54,949 - INFO - Logger initialized.
2025-12-13 17:34:54,955 - INFO - Thermocouple DAQ started.
2025-12-13 17:34:54,955 - INFO - Selected channels: [0, 1, 2, 3]
2025-12-13 17:37:30,989 - INFO - Logger initialized.
2025-12-13 17:37:30,994 - INFO - Thermocouple DAQ started.
2025-12-13 17:37:30,995 - INFO - Selected channels: [0, 1, 2, 3]
2025-12-13 17:43:07,307 - INFO - Logger initialized.
2025-12-13 17:43:07,313 - INFO - Thermocouple DAQ started.
2025-12-13 17:43:07,313 - INFO - Selected channels: [0, 1, 2, 3]
2025-12-13 17:44:42,688 - INFO - Logger initialized.
2025-12-13 17:44:42,694 - INFO - Thermocouple DAQ started.
2025-12-13 17:44:42,694 - INFO - Selected channels: [0, 1, 2, 3]
2025-12-13 17:48:42,450 - INFO - Logger initialized.
2025-12-13 17:48:42,456 - INFO - Thermocouple DAQ started.
2025-12-13 17:48:42,456 - INFO - Selected channels: [0, 1, 2, 3]
2025-12-13 17:55:27,388 - INFO - Logger initialized.
2025-12-13 17:55:27,394 - INFO - Thermocouple DAQ started.
2025-12-13 17:55:27,395 - INFO - Selected channels: [0, 1, 2, 3]
2025-12-13 18:50:15,910 - INFO - Logger initialized.
2025-12-13 18:50:15,916 - INFO - Thermocouple DAQ started.
2025-12-13 18:50:15,916 - INFO - Selected channels: [0, 1, 2, 3]
2025-12-13 19:08:58,158 - INFO - Logger initialized.
2025-12-13 19:08:58,164 - INFO - Thermocouple DAQ started.
2025-12-13 19:08:58,164 - INFO - Selected channels: [0, 1, 2, 3]
2025-12-13 20:02:51,185 - INFO - Logger initialized.
2025-12-13 20:02:51,191 - INFO - Thermocouple DAQ started.
2025-12-13 20:02:51,191 - INFO - Selected channels: [0, 1, 2, 3]
2025-12-13 20:35:50,082 - INFO - Logger initialized.
2025-12-13 20:35:50,088 - INFO - Thermocouple DAQ started.
2025-12-13 20:35:50,089 - INFO - Selected channels: [0, 1, 2, 3]
2025-12-14 11:17:06,181 - INFO - Logger initialized.
2025-12-14 11:17:06,187 - INFO - Thermocouple DAQ started.
2025-12-14 11:17:06,187 - INFO - Selected channels: [0, 1, 2, 3]
2025-12-14 11:17:58,549 - INFO - Logger initialized.
2025-12-14 11:17:58,554 - INFO - Thermocouple DAQ started.
2025-12-14 11:17:58,555 - INFO - Selected channels: [0, 1, 2, 3]
2025-12-14 11:24:59,924 - INFO - Logger initialized.
2025-12-14 11:24:59,930 - INFO - Thermocouple DAQ started.
2025-12-14 11:24:59,930 - INFO - Selected channels: [0, 1, 2, 3]
2025-12-14 11:26:49,487 - INFO - Logger initialized.
2025-12-14 11:26:49,493 - INFO - Thermocouple DAQ started.
2025-12-14 11:26:49,493 - INFO - Selected channels: [0, 1, 2, 3]
2025-12-14 11:41:29,274 - INFO - Logger initialized.
2025-12-14 11:41:29,280 - INFO - Thermocouple DAQ started.
2025-12-14 11:41:29,281 - INFO - Selected channels: [0, 1, 2, 3]
2025-12-14 12:40:58,913 - INFO - Logger initialized.
2025-12-14 12:40:58,919 - INFO - Thermocouple DAQ started.
2025-12-14 12:40:58,919 - INFO - Selected channels: [0, 1, 2, 3]
2025-12-14 13:40:47,148 - INFO - Logger initialized.
2025-12-14 13:40:47,154 - INFO - Thermocouple DAQ started.
2025-12-14 13:40:47,154 - INFO - Selected channels: [0, 1, 2, 3]
2025-12-14 14:39:32,498 - INFO - Logger initialized.
2025-12-14 14:39:32,504 - INFO - Thermocouple DAQ started.
2025-12-14 14:39:32,504 - INFO - Selected channels: [0, 1, 2, 3]
2025-12-14 17:11:04,528 - INFO - Logger initialized.
2025-12-14 17:11:04,534 - INFO - Thermocouple DAQ started.
2025-12-14 17:11:04,534 - INFO - Selected channels: [0, 1, 2, 3]
2025-12-14 17:13:05,509 - INFO - Logger initialized.
2025-12-14 17:13:05,515 - INFO - Thermocouple DAQ started.
2025-12-14 17:13:05,515 - INFO - Selected channels: [0, 1, 2, 3]
2025-12-14 18:05:32,305 - INFO - Logger initialized.
2025-12-14 18:05:32,311 - INFO - Thermocouple DAQ started.
2025-12-14 18:05:32,311 - INFO - Selected channels: [0, 1, 2, 3]
2025-12-14 18:06:16,853 - INFO - Logger initialized.
2025-12-14 18:06:16,858 - INFO - Thermocouple DAQ started.
2025-12-14 18:06:16,859 - INFO - Selected channels: [0, 1, 2, 3]
2025-12-14 18:17:19,109 - INFO - Logger initialized.
2025-12-14 18:17:19,115 - INFO - Thermocouple DAQ started.
2025-12-14 18:17:19,115 - INFO - Selected channels: [0, 1, 2, 3]
2025-12-14 18:33:39,446 - INFO - Logger initialized.
2025-12-14 18:33:39,452 - INFO - Thermocouple DAQ started.
2025-12-14 18:33:39,453 - INFO - Selected channels: [0, 1, 2, 3]
2025-12-14 18:44:57,931 - INFO - Logger initialized.
2025-12-14 18:44:57,937 - INFO - Thermocouple DAQ started.
2025-12-14 18:44:57,938 - INFO - Selected channels: [0, 1, 2, 3]
2025-12-14 19:18:07,990 - INFO - Logger initialized.
2025-12-14 19:18:07,996 - INFO - Thermocouple DAQ started.
2025-12-14 19:18:07,997 - INFO - Selected channels: [0, 1, 2, 3]
2025-12-15 13:00:30,934 - INFO - Logger initialized.
2025-12-15 13:00:30,940 - INFO - Thermocouple DAQ started.
2025-12-15 13:00:30,940 - INFO - Selected channels: [0, 1, 2, 3]
2025-12-15 13:05:25,248 - INFO - Logger initialized.
2025-12-15 13:05:25,254 - INFO - Thermocouple DAQ started.
2025-12-15 13:05:25,254 - INFO - Selected channels: [0, 1, 2, 3]
2025-12-15 13:11:36,567 - INFO - Logger initialized.
2025-12-15 13:11:36,573 - INFO - Thermocouple DAQ started.
2025-12-15 13:11:36,574 - INFO - Selected channels: [0, 1, 2, 3]
2025-12-15 13:37:39,178 - INFO - Logger initialized.
2025-12-15 13:37:39,184 - INFO - Thermocouple DAQ started.
2025-12-15 13:37:39,184 - INFO - Selected channels: [0, 1, 2, 3]
2025-12-15 13:42:42,809 - INFO - Logger initialized.
2025-12-15 13:42:42,815 - INFO - Thermocouple DAQ started.
2025-12-15 13:42:42,815 - INFO - Selected channels: [0, 1, 2, 3]
2025-12-15 14:04:13,734 - INFO - Logger initialized.
2025-12-15 14:04:13,739 - INFO - Thermocouple DAQ started.
2025-12-15 14:04:13,740 - INFO - Selected channels: [0, 1, 2, 3]
2025-12-15 14:40:53,521 - INFO - Logger initialized.
2025-12-15 14:40:53,527 - INFO - Thermocouple DAQ started.
2025-12-15 14:40:53,527 - INFO - Selected channels: [0, 1, 2, 3]
2025-12-15 14:50:40,205 - INFO - Logger initialized.
2025-12-15 14:50:40,211 - INFO - Thermocouple DAQ started.
2025-12-15 14:50:40,212 - INFO - Selected channels: [0, 1, 2, 3]
2025-12-15 15:02:00,847 - INFO - Logger initialized.
2025-12-15 15:02:00,852 - INFO - Thermocouple DAQ started.
2025-12-15 15:02:00,853 - INFO - Selected channels: [0, 1, 2, 3]
2025-12-18 12:47:02,950 - INFO - Logger initialized.
2025-12-18 12:47:02,956 - INFO - Thermocouple DAQ started.
2025-12-18 12:47:02,956 - INFO - Selected channels: [0, 1, 2, 3]
2025-12-18 12:50:20,119 - INFO - Logger initialized.
2025-12-18 12:50:20,125 - INFO - Thermocouple DAQ started.
2025-12-18 12:50:20,125 - INFO - Selected channels: [0, 1, 2, 3]
2025-12-18 12:52:22,099 - INFO - Logger initialized.
2025-12-18 12:52:22,105 - INFO - Thermocouple DAQ started.
2025-12-18 12:52:22,105 - INFO - Selected channels: [0, 1, 2, 3]
2025-12-18 13:28:06,144 - INFO - Logger initialized.
2025-12-18 13:28:06,149 - INFO - Thermocouple DAQ started.
2025-12-18 13:28:06,150 - INFO - Selected channels: [0, 1, 2, 3]
2025-12-18 13:28:56,359 - INFO - Logger initialized.
2025-12-18 13:28:56,365 - INFO - Thermocouple DAQ started.
2025-12-18 13:28:56,365 - INFO - Selected channels: [0, 1, 2, 3]
2025-12-18 13:44:42,322 - INFO - Logger initialized.
2025-12-18 13:44:42,328 - INFO - Thermocouple DAQ started.
2025-12-18 13:44:42,328 - INFO - Selected channels: [0, 1, 2, 3]
2025-12-18 14:15:03,818 - INFO - Logger initialized.
2025-12-18 14:15:03,824 - INFO - Thermocouple DAQ started.
2025-12-18 14:15:03,824 - INFO - Selected channels: [0, 1, 2, 3]
2025-12-18 14:43:42,757 - INFO - Logger initialized.
2025-12-18 14:43:42,763 - INFO - Thermocouple DAQ started.
2025-12-18 14:43:42,764 - INFO - Selected channels: [0, 1, 2, 3]
2025-12-18 16:37:20,354 - INFO - Logger initialized.
2025-12-18 16:37:20,359 - INFO - Thermocouple DAQ started.
2025-12-18 16:37:20,360 - INFO - Selected channels: [0, 1, 2, 3]
2025-12-18 16:38:58,613 - INFO - Logger initialized.
2025-12-18 16:38:58,619 - INFO - Thermocouple DAQ started.
2025-12-18 16:38:58,619 - INFO - Selected channels: [0, 1, 2, 3]
2025-12-18 16:54:06,386 - INFO - Logger initialized.
2025-12-18 16:54:06,392 - INFO - Thermocouple DAQ started.
2025-12-18 16:54:06,393 - INFO - Selected channels: [0, 1, 2, 3]
2025-12-18 16:55:58,276 - INFO - Logger initialized.
2025-12-18 16:55:58,282 - INFO - Thermocouple DAQ started.
2025-12-18 16:55:58,282 - INFO - Selected channels: [0, 1, 2, 3]
2025-12-18 17:49:36,402 - INFO - Logger initialized.
2025-12-18 17:49:36,408 - INFO - Thermocouple DAQ started.
2025-12-18 17:49:36,408 - INFO - Selected channels: [0, 1, 2, 3]
2025-12-18 19:06:42,770 - INFO - Logger initialized.
2025-12-18 19:06:42,776 - INFO - Thermocouple DAQ started.
2025-12-18 19:06:42,776 - INFO - Selected channels: [0, 1, 2, 3]
2025-12-19 12:37:10,065 - INFO - Logger initialized.
2025-12-19 12:37:10,071 - INFO - Thermocouple DAQ started.
2025-12-19 12:37:10,072 - INFO - Selected channels: [0, 1, 2, 3]
2025-12-19 13:06:55,983 - INFO - Logger initialized.
2025-12-19 13:06:55,989 - INFO - Thermocouple DAQ started.
2025-12-19 13:06:55,989 - INFO - Selected channels: [0, 1, 2, 3]
2025-12-19 13:14:59,784 - INFO - Logger initialized.
2025-12-19 13:14:59,790 - INFO - Thermocouple DAQ started.
2025-12-19 13:14:59,790 - INFO - Selected channels: [0, 1, 2, 3]
2025-12-19 14:19:50,724 - INFO - Logger initialized.
2025-12-19 14:19:50,730 - INFO - Thermocouple DAQ started.
2025-12-19 14:19:50,730 - INFO - Selected channels: [0, 1, 2, 3]
2025-12-19 15:09:50,262 - INFO - Logger initialized.
2025-12-19 15:09:50,268 - INFO - Thermocouple DAQ started.
2025-12-19 15:09:50,268 - INFO - Selected channels: [0, 1, 2, 3]
2025-12-20 12:13:17,195 - INFO - Logger initialized.
2025-12-20 12:13:17,276 - INFO - Thermocouple DAQ started.
2025-12-20 12:13:18,378 - INFO - Selected channels: [0, 1, 2, 3]
2026-07-02 15:45:01,150 - INFO - Logger initialized.
2026-07-02 15:45:01,369 - INFO - Thermocouple DAQ started.
2026-07-02 15:45:02,123 - INFO - Selected channels: [0, 1, 2, 3]
2026-07-02 15:45:15,845 - INFO - KeyboardInterrupt received. Exiting gracefully...
2026-07-03 09:45:41,120 - INFO - Logger initialized.
2026-07-03 09:45:41,127 - INFO - Thermocouple DAQ started.
2026-07-03 09:45:44,111 - INFO - Selected channels: [0, 1, 2, 3]
2026-07-03 09:54:27,667 - INFO - KeyboardInterrupt received. Exiting gracefully...
2026-07-03 09:54:46,236 - INFO - Logger initialized.
2026-07-03 09:54:46,242 - INFO - Thermocouple DAQ started.
2026-07-03 09:54:48,462 - INFO - Selected channels: [0, 1]
2026-07-03 09:56:38,858 - INFO - KeyboardInterrupt received. Exiting gracefully...
2026-07-03 09:57:37,320 - INFO - Logger initialized.
2026-07-03 09:57:37,326 - INFO - Thermocouple DAQ started.
2026-07-03 09:57:38,450 - INFO - Selected channels: [0, 1, 2, 3]
2026-07-03 10:00:40,935 - INFO - KeyboardInterrupt received. Exiting gracefully...
2026-07-03 11:24:56,921 - INFO - Logger initialized.
2026-07-03 11:24:56,936 - INFO - Thermocouple DAQ started.
2026-07-03 11:24:58,363 - INFO - Selected channels: [0, 1, 2, 3]
2026-07-03 11:29:50,004 - INFO - KeyboardInterrupt received. Exiting gracefully...
2026-07-03 13:04:16,664 - INFO - Logger initialized.
2026-07-03 13:04:16,670 - INFO - Thermocouple DAQ started.
2026-07-03 13:04:18,923 - INFO - Selected channels: [0, 1, 2, 3]
2026-07-03 13:16:27,501 - INFO - KeyboardInterrupt received. Exiting gracefully...
2026-07-03 21:56:47,999 - INFO - Logger initialized.
2026-07-03 21:56:48,014 - INFO - Thermocouple DAQ started.
2026-07-03 21:56:49,592 - INFO - Selected channels: [0, 1, 2, 3]
2026-07-03 22:05:13,298 - INFO - KeyboardInterrupt received. Exiting gracefully...
2026-07-03 22:05:36,076 - INFO - Logger initialized.
2026-07-03 22:05:36,081 - INFO - Thermocouple DAQ started.
2026-07-03 22:05:37,761 - INFO - Selected channels: [0, 1, 2, 3]
2026-07-03 22:23:53,059 - INFO - KeyboardInterrupt received. Exiting gracefully...
2026-07-04 01:08:54,331 - INFO - Logger initialized.
2026-07-04 01:08:54,348 - INFO - Thermocouple DAQ started.
2026-07-04 01:09:05,076 - INFO - Selected channels: [0, 1, 2, 3]
2026-07-04 01:54:03,124 - INFO - KeyboardInterrupt received. Exiting gracefully...
2026-07-04 01:58:02,195 - INFO - Logger initialized.
2026-07-04 01:58:02,201 - INFO - Thermocouple DAQ started.
2026-07-04 01:58:03,776 - INFO - Selected channels: [0, 1, 2, 3]
2026-07-04 01:59:24,387 - INFO - KeyboardInterrupt received. Exiting gracefully...
2026-07-04 02:13:28,486 - INFO - Logger initialized.
2026-07-04 02:13:28,491 - INFO - Thermocouple DAQ started.
2026-07-04 02:13:29,746 - INFO - Selected channels: [0, 1, 2, 3]
2026-07-04 02:23:54,946 - INFO - KeyboardInterrupt received. Exiting gracefully...
